Archive member included to satisfy reference by file (symbol)

../qtouch/lib/gcc\libqtm_touch_key_avr_da_0x0002.a(avr_touch_key_g_avr_da.o)
                              qtouch/touch.o (qtm_update_qtlib_timer)
../qtouch/lib/gcc\libqtm_surface_gestures_avr_da_0x0023.a(avr_surface_gestures_g_avr_da.o)
                              main.o (qtm_gestures_2d_clearGesture)
../qtouch/lib/gcc\libqtm_surface_cs_avr_da_0x0021.a(avr_surface_cs_g_avr_da.o)
                              qtouch/touch.o (qtm_surface_cs_process)
../qtouch/lib/gcc\libqtm_acq_avr_da_0x0037.a(avr_acq_g_avr_da.o)
                              qtouch/touch.o (qtm_acquisition_process)
c:/program files (x86)/atmel/studio/7.0/toolchain/avr8/avr8-gnu-toolchain/bin/../lib/gcc/avr/5.4.0/../../../../avr/lib/avrxmega4\libm.a(addsf3.o)
                              src/i2c_master.o (__subsf3)
c:/program files (x86)/atmel/studio/7.0/toolchain/avr8/avr8-gnu-toolchain/bin/../lib/gcc/avr/5.4.0/../../../../avr/lib/avrxmega4\libm.a(addsf3x.o)
                              c:/program files (x86)/atmel/studio/7.0/toolchain/avr8/avr8-gnu-toolchain/bin/../lib/gcc/avr/5.4.0/../../../../avr/lib/avrxmega4\libm.a(addsf3.o) (__addsf3x)
c:/program files (x86)/atmel/studio/7.0/toolchain/avr8/avr8-gnu-toolchain/bin/../lib/gcc/avr/5.4.0/../../../../avr/lib/avrxmega4\libm.a(divsf3.o)
                              src/i2c_master.o (__divsf3)
c:/program files (x86)/atmel/studio/7.0/toolchain/avr8/avr8-gnu-toolchain/bin/../lib/gcc/avr/5.4.0/../../../../avr/lib/avrxmega4\libm.a(divsf3x.o)
                              c:/program files (x86)/atmel/studio/7.0/toolchain/avr8/avr8-gnu-toolchain/bin/../lib/gcc/avr/5.4.0/../../../../avr/lib/avrxmega4\libm.a(divsf3.o) (__divsf3x)
c:/program files (x86)/atmel/studio/7.0/toolchain/avr8/avr8-gnu-toolchain/bin/../lib/gcc/avr/5.4.0/../../../../avr/lib/avrxmega4\libm.a(fixunssfsi.o)
                              src/i2c_master.o (__fixunssfsi)
c:/program files (x86)/atmel/studio/7.0/toolchain/avr8/avr8-gnu-toolchain/bin/../lib/gcc/avr/5.4.0/../../../../avr/lib/avrxmega4\libm.a(floatsisf.o)
                              src/i2c_master.o (__floatunsisf)
c:/program files (x86)/atmel/studio/7.0/toolchain/avr8/avr8-gnu-toolchain/bin/../lib/gcc/avr/5.4.0/../../../../avr/lib/avrxmega4\libm.a(fp_inf.o)
                              c:/program files (x86)/atmel/studio/7.0/toolchain/avr8/avr8-gnu-toolchain/bin/../lib/gcc/avr/5.4.0/../../../../avr/lib/avrxmega4\libm.a(addsf3x.o) (__fp_inf)
c:/program files (x86)/atmel/studio/7.0/toolchain/avr8/avr8-gnu-toolchain/bin/../lib/gcc/avr/5.4.0/../../../../avr/lib/avrxmega4\libm.a(fp_nan.o)
                              c:/program files (x86)/atmel/studio/7.0/toolchain/avr8/avr8-gnu-toolchain/bin/../lib/gcc/avr/5.4.0/../../../../avr/lib/avrxmega4\libm.a(addsf3x.o) (__fp_nan)
c:/program files (x86)/atmel/studio/7.0/toolchain/avr8/avr8-gnu-toolchain/bin/../lib/gcc/avr/5.4.0/../../../../avr/lib/avrxmega4\libm.a(fp_pscA.o)
                              c:/program files (x86)/atmel/studio/7.0/toolchain/avr8/avr8-gnu-toolchain/bin/../lib/gcc/avr/5.4.0/../../../../avr/lib/avrxmega4\libm.a(addsf3x.o) (__fp_pscA)
c:/program files (x86)/atmel/studio/7.0/toolchain/avr8/avr8-gnu-toolchain/bin/../lib/gcc/avr/5.4.0/../../../../avr/lib/avrxmega4\libm.a(fp_pscB.o)
                              c:/program files (x86)/atmel/studio/7.0/toolchain/avr8/avr8-gnu-toolchain/bin/../lib/gcc/avr/5.4.0/../../../../avr/lib/avrxmega4\libm.a(addsf3x.o) (__fp_pscB)
c:/program files (x86)/atmel/studio/7.0/toolchain/avr8/avr8-gnu-toolchain/bin/../lib/gcc/avr/5.4.0/../../../../avr/lib/avrxmega4\libm.a(fp_round.o)
                              c:/program files (x86)/atmel/studio/7.0/toolchain/avr8/avr8-gnu-toolchain/bin/../lib/gcc/avr/5.4.0/../../../../avr/lib/avrxmega4\libm.a(addsf3.o) (__fp_round)
c:/program files (x86)/atmel/studio/7.0/toolchain/avr8/avr8-gnu-toolchain/bin/../lib/gcc/avr/5.4.0/../../../../avr/lib/avrxmega4\libm.a(fp_split3.o)
                              c:/program files (x86)/atmel/studio/7.0/toolchain/avr8/avr8-gnu-toolchain/bin/../lib/gcc/avr/5.4.0/../../../../avr/lib/avrxmega4\libm.a(addsf3x.o) (__fp_split3)
c:/program files (x86)/atmel/studio/7.0/toolchain/avr8/avr8-gnu-toolchain/bin/../lib/gcc/avr/5.4.0/../../../../avr/lib/avrxmega4\libm.a(fp_zero.o)
                              c:/program files (x86)/atmel/studio/7.0/toolchain/avr8/avr8-gnu-toolchain/bin/../lib/gcc/avr/5.4.0/../../../../avr/lib/avrxmega4\libm.a(addsf3x.o) (__fp_zero)
c:/program files (x86)/atmel/studio/7.0/toolchain/avr8/avr8-gnu-toolchain/bin/../lib/gcc/avr/5.4.0/../../../../avr/lib/avrxmega4\libm.a(mulsf3.o)
                              src/i2c_master.o (__mulsf3)
c:/program files (x86)/atmel/studio/7.0/toolchain/avr8/avr8-gnu-toolchain/bin/../lib/gcc/avr/5.4.0/../../../../avr/lib/avrxmega4\libm.a(mulsf3x.o)
[...]
Memory Configuration

Name             Origin             Length             Attributes
text             0x00000000         0x00020000         xr
data             0x00804000         0x00004000         rw !x
eeprom           0x00810000         0x00000200         rw !x
fuse             0x00820000         0x00000010         rw !x
lock             0x00830000         0x00000400         rw !x
signature        0x00840000         0x00000400         rw !x
user_signatures  0x00850000         0x00000400         rw !x
*default*        0x00000000         0xffffffff

Linker script and memory map

Address of section .data set to 0x804000
                0x00008000                __RODATA_PM_OFFSET__ = 0x8000
LOAD C:/Program Files (x86)/Atmel/Studio/7.0/Packs/Atmel/AVR-Dx_DFP/1.0.18/gcc/dev/avr128da48/avrxmega4/crtavr128da48.o
LOAD atmel_start.o
LOAD driver_isr.o
LOAD examples/src/i2c_master_example.o
LOAD examples/src/touch_example.o
LOAD LEDMatrix.o
LOAD main.o
LOAD qtouch/datastreamer/kronocommadaptor.o
LOAD qtouch/datastreamer/kronocommuart.o
LOAD qtouch/touch.o
LOAD Snake.o
LOAD src/bod.o
LOAD src/clkctrl.o
LOAD src/cpuint.o
LOAD src/driver_init.o
LOAD src/i2c_master.o
LOAD src/i2c_simple_master.o
LOAD src/i2c_types.o
LOAD src/protected_io.o
LOAD src/rtc.o
LOAD src/slpctrl.o
LOAD src/usart.o
START GROUP
LOAD ../qtouch/lib/gcc\libqtm_touch_key_avr_da_0x0002.a
LOAD ../qtouch/lib/gcc\libqtm_surface_gestures_avr_da_0x0023.a
LOAD ../qtouch/lib/gcc\libqtm_surface_cs_avr_da_0x0021.a
LOAD ../qtouch/lib/gcc\libqtm_binding_layer_avr_da_0x0005.a
LOAD ../qtouch/lib/gcc\libqtm_acq_avr_da_0x0037.a
LOAD c:/program files (x86)/atmel/studio/7.0/toolchain/avr8/avr8-gnu-toolchain/bin/../lib/gcc/avr/5.4.0/../../../../avr/lib/avrxmega4\libm.a
END GROUP
START GROUP
LOAD c:/program files (x86)/atmel/studio/7.0/toolchain/avr8/avr8-gnu-toolchain/bin/../lib/gcc/avr/5.4.0/avrxmega4\libgcc.a
LOAD c:/program files (x86)/atmel/studio/7.0/toolchain/avr8/avr8-gnu-toolchain/bin/../lib/gcc/avr/5.4.0/../../../../avr/lib/avrxmega4\libm.a
LOAD c:/program files (x86)/atmel/studio/7.0/toolchain/avr8/avr8-gnu-toolchain/bin/../lib/gcc/avr/5.4.0/../../../../avr/lib/avrxmega4\libc.a
LOAD C:/Program Files (x86)/Atmel/Studio/7.0/Packs/Atmel/AVR-Dx_DFP/1.0.18/gcc/dev/avr128da48/avrxmega4\libavr128da48.a
END GROUP
                [0x00000000]                __TEXT_REGION_ORIGIN__ = DEFINED (__TEXT_REGION_ORIGIN__)?__TEXT_REGION_ORIGIN__:0x0
                [0x00804000]                __DATA_REGION_ORIGIN__ = DEFINED (__DATA_REGION_ORIGIN__)?__DATA_REGION_ORIGIN__:0x802000
                [0x00020000]                __TEXT_REGION_LENGTH__ = DEFINED (__TEXT_REGION_LENGTH__)?__TEXT_REGION_LENGTH__:0x100000
                [0x00004000]                __DATA_REGION_LENGTH__ = DEFINED (__DATA_REGION_LENGTH__)?__DATA_REGION_LENGTH__:0xffa0
                [0x00000200]                __EEPROM_REGION_LENGTH__ = DEFINED (__EEPROM_REGION_LENGTH__)?__EEPROM_REGION_LENGTH__:0x10000
                [0x00000010]                __FUSE_REGION_LENGTH__ = DEFINED (__FUSE_REGION_LENGTH__)?__FUSE_REGION_LENGTH__:0x400
                0x00000400                __LOCK_REGION_LENGTH__ = DEFINED (__LOCK_REGION_LENGTH__)?__LOCK_REGION_LENGTH__:0x400
                0x00000400                __SIGNATURE_REGION_LENGTH__ = DEFINED (__SIGNATURE_REGION_LENGTH__)?__SIGNATURE_REGION_LENGTH__:0x400
                0x00000400                __USER_SIGNATURE_REGION_LENGTH__ = DEFINED (__USER_SIGNATURE_REGION_LENGTH__)?__USER_SIGNATURE_REGION_LENGTH__:0x400

.hash
 *(.hash)

.dynsym
 *(.dynsym)

.dynstr
 *(.dynstr)

.gnu.version
 *(.gnu.version)

.gnu.version_d
 *(.gnu.version_d)

.gnu.version_r
 *(.gnu.version_r)

.rel.init
 *(.rel.init)

.rela.init
 *(.rela.init)

.rel.text
 *(.rel.text)
 *(.rel.text.*)
 *(.rel.gnu.linkonce.t*)

.rela.text
 *(.rela.text)
 *(.rela.text.*)
 *(.rela.gnu.linkonce.t*)

.rel.fini
 *(.rel.fini)

.rela.fini
 *(.rela.fini)

.rel.rodata
 *(.rel.rodata)
 *(.rel.rodata.*)
 *(.rel.gnu.linkonce.r*)

.rela.rodata
 *(.rela.rodata)
 *(.rela.rodata.*)
 *(.rela.gnu.linkonce.r*)

.rel.data
 *(.rel.data)
 *(.rel.data.*)
 *(.rel.gnu.linkonce.d*)

.rela.data
 *(.rela.data)
 *(.rela.data.*)
 *(.rela.gnu.linkonce.d*)

.rel.ctors
 *(.rel.ctors)

.rela.ctors
 *(.rela.ctors)

.rel.dtors
 *(.rel.dtors)

.rela.dtors
 *(.rela.dtors)

.rel.got
 *(.rel.got)

.rela.got
 *(.rela.got)

.rel.bss
 *(.rel.bss)

.rela.bss
 *(.rela.bss)

.rel.plt
 *(.rel.plt)

.rela.plt
 *(.rela.plt)

.text           0x00000000     0x4e86
 *(.vectors)
 .vectors       0x00000000       0xec C:/Program Files (x86)/Atmel/Studio/7.0/Packs/Atmel/AVR-Dx_DFP/1.0.18/gcc/dev/avr128da48/avrxmega4/crtavr128da48.o
                0x00000000                __vector_default
                0x00000000                __vectors
 *(.vectors)
 *(.progmem.gcc*)
                0x000000ec                . = ALIGN (0x2)
                0x000000ec                __trampolines_start = .
 *(.trampolines)
 .trampolines   0x000000ec        0x0 linker stubs
 *(.trampolines*)
                0x000000ec                __trampolines_end = .
 *libprintf_flt.a:*(.progmem.data)
 *libc.a:*(.progmem.data)
 *(.progmem*)
                0x000000ec                . = ALIGN (0x2)
 *(.jumptables)
 *(.jumptables*)
 *(.lowtext)
 *(.lowtext*)
                0x000000ec                __ctors_start = .
 *(.ctors)
                0x000000ec                __ctors_end = .
                0x000000ec                __dtors_start = .
 *(.dtors)
                0x000000ec                __dtors_end = .
 SORT(*)(.ctors)
 SORT(*)(.dtors)
 *(.init0)
 .init0         0x000000ec        0x0 C:/Program Files (x86)/Atmel/Studio/7.0/Packs/Atmel/AVR-Dx_DFP/1.0.18/gcc/dev/avr128da48/avrxmega4/crtavr128da48.o
                0x000000ec                __init
 *(.init0)
 *(.init1)
 *(.init1)
 *(.init2)
 .init2         0x000000ec        0xc C:/Program Files (x86)/Atmel/Studio/7.0/Packs/Atmel/AVR-Dx_DFP/1.0.18/gcc/dev/avr128da48/avrxmega4/crtavr128da48.o
 *(.init2)
 *(.init3)
 *(.init3)
 *(.init4)
 .init4         0x000000f8       0x1a c:/program files (x86)/atmel/studio/7.0/toolchain/avr8/avr8-gnu-toolchain/bin/../lib/gcc/avr/5.4.0/avrxmega4\libgcc.a(_copy_data.o)
                0x000000f8                __do_copy_data
 .init4         0x00000112       0x10 c:/program files (x86)/atmel/studio/7.0/toolchain/avr8/avr8-gnu-toolchain/bin/../lib/gcc/avr/5.4.0/avrxmega4\libgcc.a(_clear_bss.o)
                0x00000112                __do_clear_bss
 *(.init4)
 *(.init5)
 *(.init5)
 *(.init6)
 *(.init6)
 *(.init7)
 *(.init7)
 *(.init8)
 *(.init8)
 *(.init9)
 .init9         0x00000122        0x8 C:/Program Files (x86)/Atmel/Studio/7.0/Packs/Atmel/AVR-Dx_DFP/1.0.18/gcc/dev/avr128da48/avrxmega4/crtavr128da48.o
 *(.init9)
 *(.text)
 .text          0x0000012a        0x4 C:/Program Files (x86)/Atmel/Studio/7.0/Packs/Atmel/AVR-Dx_DFP/1.0.18/gcc/dev/avr128da48/avrxmega4/crtavr128da48.o
                0x0000012a                __vector_38
                0x0000012a                __vector_22
                0x0000012a                __vector_28
                0x0000012a                __vector_1
                0x0000012a                __vector_32
                0x0000012a                __vector_34
                0x0000012a                __vector_24
                0x0000012a                __vector_12
                0x0000012a                __vector_55
                0x0000012a                __vector_46
                0x0000012a                __bad_interrupt
                0x0000012a                __vector_6
                0x0000012a                __vector_35
                0x0000012a                __vector_39
                0x0000012a                __vector_23
                0x0000012a                __vector_30
                0x0000012a                __vector_45
                0x0000012a                __vector_25
                0x0000012a                __vector_11
                0x0000012a                __vector_54
                0x0000012a                __vector_13
                0x0000012a                __vector_19
                0x0000012a                __vector_56
                0x0000012a                __vector_7
                0x0000012a                __vector_49
                0x0000012a                __vector_41
                0x0000012a                __vector_43
                0x0000012a                __vector_5
                0x0000012a                __vector_47
                0x0000012a                __vector_52
                0x0000012a                __vector_37
                0x0000012a                __vector_4
                0x0000012a                __vector_44
                0x0000012a                __vector_51
                0x0000012a                __vector_9
                0x0000012a                __vector_2
                0x0000012a                __vector_21
                0x0000012a                __vector_15
                0x0000012a                __vector_36
                0x0000012a                __vector_58
                0x0000012a                __vector_29
                0x0000012a                __vector_40
                0x0000012a                __vector_8
                0x0000012a                __vector_26
                0x0000012a                __vector_48
                0x0000012a                __vector_14
                0x0000012a                __vector_57
                0x0000012a                __vector_53
                0x0000012a                __vector_10
                0x0000012a                __vector_50
                0x0000012a                __vector_16
                0x0000012a                __vector_18
                0x0000012a                __vector_20
                0x0000012a                __vector_42
                0x0000012e                . = ALIGN (0x2)
 *(.text.*)
 .text.atmel_start_init
                0x0000012e        0x8 atmel_start.o
                0x0000012e                atmel_start_init
 .text.__vector_31
                0x00000136       0x50 driver_isr.o
                0x00000136                __vector_31
 .text.__vector_33
                0x00000186       0x50 driver_isr.o
                0x00000186                __vector_33
 .text.__vector_3
                0x000001d6       0x5a driver_isr.o
                0x000001d6                __vector_3
 .text.ClearDisplay
                0x00000230       0x4a LEDMatrix.o
                0x00000230                ClearDisplay
 .text.BlinkDisplay
                0x0000027a       0xb0 LEDMatrix.o
                0x0000027a                BlinkDisplay
 .text.UpdateDisplay
                0x0000032a       0x16 LEDMatrix.o
                0x0000032a                UpdateDisplay
 .text.LoadLedMatrix
                0x00000340      0x218 LEDMatrix.o
                0x00000340                LoadLedMatrix
 .text.startup.main
                0x00000558      0x18e main.o
                0x00000558                main
 .text.TimeSchedulerHandler
                0x000006e6       0x20 main.o
                0x000006e6                TimeSchedulerHandler
 .text.Krono_UpdateBuffer
                0x00000706      0x3ec qtouch/datastreamer/kronocommadaptor.o
                0x00000706                Krono_UpdateBuffer
 .text.Krono_memory_map_read
                0x00000af2       0xaa qtouch/datastreamer/kronocommadaptor.o
                0x00000af2                Krono_memory_map_read
 .text.Krono_memory_map_write
                0x00000b9c       0x4e qtouch/datastreamer/kronocommadaptor.o
                0x00000b9c                Krono_memory_map_write
 .text.uart_send_touch_gesture_data
                0x00000bea      0x108 qtouch/datastreamer/kronocommuart.o
                0x00000bea                uart_send_touch_gesture_data
 .text.uart_process
                0x00000cf2      0x3be qtouch/datastreamer/kronocommuart.o
                0x00000cf2                uart_process
 .text.krono_tx_complete_callback
                0x000010b0       0x36 qtouch/datastreamer/kronocommuart.o
                0x000010b0                krono_tx_complete_callback
 .text.krono_rx_complete_callback
                0x000010e6       0x24 qtouch/datastreamer/kronocommuart.o
                0x000010e6                krono_rx_complete_callback
 .text.qtm_measure_complete_callback
                0x0000110a        0x8 qtouch/touch.o
 .text.touch_measure_wcomp_match
                0x00001112       0x92 qtouch/touch.o
 .text.touch_init
                0x000011a4      0x204 qtouch/touch.o
                0x000011a4                touch_init
 .text.touch_process
                0x000013a8      0x1dc qtouch/touch.o
                0x000013a8                touch_process
 .text.touch_timer_handler
                0x00001584       0x6a qtouch/touch.o
                0x00001584                touch_timer_handler
 .text.__vector_27
                0x000015ee       0x50 qtouch/touch.o
                0x000015ee                __vector_27
 .text.SnakeInit
                0x0000163e      0x128 Snake.o
                0x0000163e                SnakeInit
 .text.AdvanceSnake
                0x00001766      0x210 Snake.o
                0x00001766                AdvanceSnake
 .text.BOD_init
                0x00001976        0x8 src/bod.o
                0x00001976                BOD_init
 .text.CLKCTRL_init
                0x0000197e       0x10 src/clkctrl.o
                0x0000197e                CLKCTRL_init
 .text.CPUINT_init
                0x0000198e        0x6 src/cpuint.o
                0x0000198e                CPUINT_init
 .text.mcu_init
                0x00001994      0x232 src/driver_init.o
                0x00001994                mcu_init
 .text.system_init
                0x00001bc6       0x82 src/driver_init.o
                0x00001bc6                system_init
 .text.I2C_0_do_I2C_RESET
                0x00001c48       0x20 src/i2c_master.o
 .text.I2C_0_do_I2C_IDLE
                0x00001c68       0x10 src/i2c_master.o
 .text.I2C_0_do_I2C_SEND_STOP
                0x00001c78       0x1a src/i2c_master.o
 .text.I2C_0_do_I2C_SEND_ADR_READ
                0x00001c92       0x18 src/i2c_master.o
 .text.I2C_0_do_I2C_SEND_ADR_WRITE
                0x00001caa       0x16 src/i2c_master.o
 .text.I2C_0_do_I2C_RX_DO_ACK
                0x00001cc0        0xe src/i2c_master.o
 .text.I2C_0_do_I2C_TX_DO_ACK
                0x00001cce        0xe src/i2c_master.o
 .text.I2C_0_do_I2C_DO_NACK_STOP
                0x00001cdc       0x20 src/i2c_master.o
 .text.I2C_0_do_I2C_DO_NACK_RESTART
                0x00001cfc        0xe src/i2c_master.o
 .text.I2C_0_do_I2C_BUS_ERROR
                0x00001d0a       0x22 src/i2c_master.o
 .text.I2C_0_return_stop
                0x00001d2c        0x4 src/i2c_master.o
 .text.I2C_0_return_reset
                0x00001d30        0x4 src/i2c_master.o
 .text.I2C_0_do_I2C_DO_ADDRESS_NACK
                0x00001d34       0x78 src/i2c_master.o
 .text.I2C_0_do_I2C_TX
                0x00001dac       0xb2 src/i2c_master.o
 .text.I2C_0_do_I2C_RX
                0x00001e5e       0xe2 src/i2c_master.o
 .text.I2C_0_do_I2C_TX_EMPTY
                0x00001f40       0x9c src/i2c_master.o
 .text.I2C_0_do_I2C_BUS_COLLISION
                0x00001fdc       0x82 src/i2c_master.o
 .text.I2C_0_do_I2C_SEND_RESTART_WRITE
                0x0000205e       0x16 src/i2c_master.o
 .text.I2C_0_do_I2C_SEND_RESTART_READ
                0x00002074       0x18 src/i2c_master.o
 .text.I2C_0_do_I2C_SEND_RESTART
                0x0000208c       0x18 src/i2c_master.o
 .text.I2C_0_set_address_nack_callback
                0x000020a4       0x2c src/i2c_master.o
                0x000020a4                I2C_0_set_address_nack_callback
 .text.I2C_0_init
                0x000020d0        0xe src/i2c_master.o
                0x000020d0                I2C_0_init
 .text.I2C_0_open
                0x000020de       0xb0 src/i2c_master.o
                0x000020de                I2C_0_open
 .text.I2C_0_close
                0x0000218e       0x4a src/i2c_master.o
                0x0000218e                I2C_0_close
 .text.I2C_0_set_buffer
                0x000021d8       0x22 src/i2c_master.o
                0x000021d8                I2C_0_set_buffer
 .text.I2C_0_master_write
                0x000021fa       0x80 src/i2c_master.o
                0x000021fa                I2C_0_master_write
 .text.__vector_17
                0x0000227a       0xaa src/i2c_master.o
                0x0000227a                __vector_17
 .text.I2C_0_writeNBytes
                0x00002324       0x68 src/i2c_simple_master.o
                0x00002324                I2C_0_writeNBytes
 .text.i2c_cb_restart_write
                0x0000238c        0x4 src/i2c_types.o
                0x0000238c                i2c_cb_restart_write
 .text.protected_write_io
                0x00002390        0xa src/protected_io.o
                0x00002390                protected_write_io
 .text.Timer_init
                0x0000239a       0x1e src/rtc.o
                0x0000239a                Timer_init
 .text.SLPCTRL_init
                0x000023b8        0xa src/slpctrl.o
                0x000023b8                SLPCTRL_init
 .text.USART_init
                0x000023c2       0x16 src/usart.o
                0x000023c2                USART_init
 .text.check_for_aks_block
                0x000023d8       0xd2 ../qtouch/lib/gcc\libqtm_touch_key_avr_da_0x0002.a(avr_touch_key_g_avr_da.o)
 .text.qtm_update_qtlib_timer
                0x000024aa       0x16 ../qtouch/lib/gcc\libqtm_touch_key_avr_da_0x0002.a(avr_touch_key_g_avr_da.o)
                0x000024aa                qtm_update_qtlib_timer
 .text.qtm_init_sensor_key
                0x000024c0       0x3e ../qtouch/lib/gcc\libqtm_touch_key_avr_da_0x0002.a(avr_touch_key_g_avr_da.o)
                0x000024c0                qtm_init_sensor_key
 .text.qtm_key_sensors_process
                0x000024fe      0x74c ../qtouch/lib/gcc\libqtm_touch_key_avr_da_0x0002.a(avr_touch_key_g_avr_da.o)
                0x000024fe                qtm_key_sensors_process
 .text.getSwipeDirection
                0x00002c4a       0x66 ../qtouch/lib/gcc\libqtm_surface_gestures_avr_da_0x0023.a(avr_surface_gestures_g_avr_da.o)
 .text.appendEvent
                0x00002cb0      0x318 ../qtouch/lib/gcc\libqtm_surface_gestures_avr_da_0x0023.a(avr_surface_gestures_g_avr_da.o)
 .text.Gestures_QueryStatus
                0x00002fc8        0xe ../qtouch/lib/gcc\libqtm_surface_gestures_avr_da_0x0023.a(avr_surface_gestures_g_avr_da.o)
                0x00002fc8                Gestures_QueryStatus
 .text.qtm_gestures_2d_clearGesture
                0x00002fd6        0xa ../qtouch/lib/gcc\libqtm_surface_gestures_avr_da_0x0023.a(avr_surface_gestures_g_avr_da.o)
                0x00002fd6                qtm_gestures_2d_clearGesture
 .text.qtm_init_gestures_2d
                0x00002fe0       0x2c ../qtouch/lib/gcc\libqtm_surface_gestures_avr_da_0x0023.a(avr_surface_gestures_g_avr_da.o)
                0x00002fe0                qtm_init_gestures_2d
 .text.qtm_update_gesture_2d_timer
                0x0000300c       0x1a ../qtouch/lib/gcc\libqtm_surface_gestures_avr_da_0x0023.a(avr_surface_gestures_g_avr_da.o)
                0x0000300c                qtm_update_gesture_2d_timer
 .text.qtm_gestures_2d_process
                0x00003026      0x616 ../qtouch/lib/gcc\libqtm_surface_gestures_avr_da_0x0023.a(avr_surface_gestures_g_avr_da.o)
                0x00003026                qtm_gestures_2d_process
 .text.divide   0x0000363c       0x50 ../qtouch/lib/gcc\libqtm_surface_cs_avr_da_0x0021.a(avr_surface_cs_g_avr_da.o)
 .text.median_filter_update
                0x0000368c       0x64 ../qtouch/lib/gcc\libqtm_surface_cs_avr_da_0x0021.a(avr_surface_cs_g_avr_da.o)
 .text.get_key_delta
                0x000036f0       0x26 ../qtouch/lib/gcc\libqtm_surface_cs_avr_da_0x0021.a(avr_surface_cs_g_avr_da.o)
 .text.get_axis_contact_size
                0x00003716       0x9c ../qtouch/lib/gcc\libqtm_surface_cs_avr_da_0x0021.a(avr_surface_cs_g_avr_da.o)
 .text.get_interpolated_position.isra.0
                0x000037b2      0x1ee ../qtouch/lib/gcc\libqtm_surface_cs_avr_da_0x0021.a(avr_surface_cs_g_avr_da.o)
 .text.qtm_surface_cs_process
                0x000039a0      0x512 ../qtouch/lib/gcc\libqtm_surface_cs_avr_da_0x0021.a(avr_surface_cs_g_avr_da.o)
                0x000039a0                qtm_surface_cs_process
 .text.qtm_init_surface_cs
                0x00003eb2       0x2c ../qtouch/lib/gcc\libqtm_surface_cs_avr_da_0x0021.a(avr_surface_cs_g_avr_da.o)
                0x00003eb2                qtm_init_surface_cs
 .text.charge_share_test
                0x00003ede       0x90 ../qtouch/lib/gcc\libqtm_acq_avr_da_0x0037.a(avr_acq_g_avr_da.o)
 .text.select_next_channel_to_measure
                0x00003f6e       0x66 ../qtouch/lib/gcc\libqtm_acq_avr_da_0x0037.a(avr_acq_g_avr_da.o)
 .text.qtm_measure_node
                0x00003fd4      0x214 ../qtouch/lib/gcc\libqtm_acq_avr_da_0x0037.a(avr_acq_g_avr_da.o)
 .text.qtm_acquisition_process
                0x000041e8      0x4b2 ../qtouch/lib/gcc\libqtm_acq_avr_da_0x0037.a(avr_acq_g_avr_da.o)
                0x000041e8                qtm_acquisition_process
 .text.qtm_ptc_init_acquisition_module
                0x0000469a      0x16e ../qtouch/lib/gcc\libqtm_acq_avr_da_0x0037.a(avr_acq_g_avr_da.o)
                0x0000469a                qtm_ptc_init_acquisition_module
 .text.qtm_ptc_qtlib_assign_signal_memory
                0x00004808       0x14 ../qtouch/lib/gcc\libqtm_acq_avr_da_0x0037.a(avr_acq_g_avr_da.o)
                0x00004808                qtm_ptc_qtlib_assign_signal_memory
 .text.qtm_ptc_start_measurement_seq
                0x0000481c       0xe0 ../qtouch/lib/gcc\libqtm_acq_avr_da_0x0037.a(avr_acq_g_avr_da.o)
                0x0000481c                qtm_ptc_start_measurement_seq
 .text.qtm_enable_sensor_node
                0x000048fc       0x3e ../qtouch/lib/gcc\libqtm_acq_avr_da_0x0037.a(avr_acq_g_avr_da.o)
                0x000048fc                qtm_enable_sensor_node
 .text.qtm_calibrate_sensor_node
                0x0000493a       0x82 ../qtouch/lib/gcc\libqtm_acq_avr_da_0x0037.a(avr_acq_g_avr_da.o)
                0x0000493a                qtm_calibrate_sensor_node
 .text.qtm_autoscan_sensor_node
                0x000049bc      0x110 ../qtouch/lib/gcc\libqtm_acq_avr_da_0x0037.a(avr_acq_g_avr_da.o)
                0x000049bc                qtm_autoscan_sensor_node
 .text.qtm_autoscan_node_cancel
                0x00004acc       0x1e ../qtouch/lib/gcc\libqtm_acq_avr_da_0x0037.a(avr_acq_g_avr_da.o)
                0x00004acc                qtm_autoscan_node_cancel
 .text.qtm_avr_da_ptc_handler_wcomp
                0x00004aea       0x8c ../qtouch/lib/gcc\libqtm_acq_avr_da_0x0037.a(avr_acq_g_avr_da.o)
                0x00004aea                qtm_avr_da_ptc_handler_wcomp
 .text.qtm_avr_da_ptc_handler_eoc
                0x00004b76       0xae ../qtouch/lib/gcc\libqtm_acq_avr_da_0x0037.a(avr_acq_g_avr_da.o)
                0x00004b76                qtm_avr_da_ptc_handler_eoc
 .text.libgcc.div
                0x00004c24       0x2e c:/program files (x86)/atmel/studio/7.0/toolchain/avr8/avr8-gnu-toolchain/bin/../lib/gcc/avr/5.4.0/avrxmega4\libgcc.a(_divmodsi4.o)
                0x00004c24                __divmodsi4
 .text.libgcc.div
                0x00004c52       0x10 c:/program files (x86)/atmel/studio/7.0/toolchain/avr8/avr8-gnu-toolchain/bin/../lib/gcc/avr/5.4.0/avrxmega4\libgcc.a(_negsi2.o)
                0x00004c52                __negsi2
 .text.libgcc.mul
                0x00004c62       0x1e c:/program files (x86)/atmel/studio/7.0/toolchain/avr8/avr8-gnu-toolchain/bin/../lib/gcc/avr/5.4.0/avrxmega4\libgcc.a(_umulhisi3.o)
                0x00004c62                __umulhisi3
 .text.libgcc.mul
                0x00004c80       0x16 c:/program files (x86)/atmel/studio/7.0/toolchain/avr8/avr8-gnu-toolchain/bin/../lib/gcc/avr/5.4.0/avrxmega4\libgcc.a(_muluhisi3.o)
                0x00004c80                __muluhisi3
 .text.libgcc.builtins
                0x00004c96       0x3c c:/program files (x86)/atmel/studio/7.0/toolchain/avr8/avr8-gnu-toolchain/bin/../lib/gcc/avr/5.4.0/avrxmega4\libgcc.a(_ashrdi3.o)
                0x00004c96                __ashrdi3
                0x00004c9a                __lshrdi3
 .text.libgcc   0x00004cd2       0x18 c:/program files (x86)/atmel/studio/7.0/toolchain/avr8/avr8-gnu-toolchain/bin/../lib/gcc/avr/5.4.0/avrxmega4\libgcc.a(_cmpdi2_s8.o)
                0x00004cd2                __cmpdi2_s8
 .text.libgcc.div
                0x00004cea       0x44 c:/program files (x86)/atmel/studio/7.0/toolchain/avr8/avr8-gnu-toolchain/bin/../lib/gcc/avr/5.4.0/avrxmega4\libgcc.a(_udivmodsi4.o)
                0x00004cea                __udivmodsi4
 .text.avr-libc
                0x00004d2e      0x144 c:/program files (x86)/atmel/studio/7.0/toolchain/avr8/avr8-gnu-toolchain/bin/../lib/gcc/avr/5.4.0/../../../../avr/lib/avrxmega4\libc.a(random.o)
                0x00004d2e                random_r
                0x00004dc4                random
                0x00004e60                srandom
 .text.libgcc.mul
                0x00004e72       0x10 c:/program files (x86)/atmel/studio/7.0/toolchain/avr8/avr8-gnu-toolchain/bin/../lib/gcc/avr/5.4.0/avrxmega4\libgcc.a(_mulshisi3.o)
                0x00004e72                __mulshisi3
                0x00004e78                __mulohisi3
                0x00004e82                . = ALIGN (0x2)
 *(.fini9)
 .fini9         0x00004e82        0x0 c:/program files (x86)/atmel/studio/7.0/toolchain/avr8/avr8-gnu-toolchain/bin/../lib/gcc/avr/5.4.0/avrxmega4\libgcc.a(_exit.o)
                0x00004e82                _exit
                0x00004e82                exit
 *(.fini9)
 *(.fini8)
 *(.fini8)
 *(.fini7)
 *(.fini7)
 *(.fini6)
 *(.fini6)
 *(.fini5)
 *(.fini5)
 *(.fini4)
 *(.fini4)
 *(.fini3)
 *(.fini3)
 *(.fini2)
 *(.fini2)
 *(.fini1)
 *(.fini1)
 *(.fini0)
 .fini0         0x00004e82        0x4 c:/program files (x86)/atmel/studio/7.0/toolchain/avr8/avr8-gnu-toolchain/bin/../lib/gcc/avr/5.4.0/avrxmega4\libgcc.a(_exit.o)
 *(.fini0)
                0x00004e86                _etext = .

.data           0x00804000      0x33e load address 0x00004e86
                0x00804000                PROVIDE (__data_start, .)
 *(.data)
 .data          0x00804000        0x4 c:/program files (x86)/atmel/studio/7.0/toolchain/avr8/avr8-gnu-toolchain/bin/../lib/gcc/avr/5.4.0/../../../../avr/lib/avrxmega4\libc.a(random.o)
 *(.data*)
 .data.I2CArray
                0x00804004       0x12 main.o
                0x00804004                I2CArray
 .data.coreRam  0x00804016        0x8 qtouch/datastreamer/kronocommadaptor.o
 .data.gestureCfgRam
                0x0080401e        0xe qtouch/datastreamer/kronocommadaptor.o
 .data.cfgRam   0x0080402c        0xa qtouch/datastreamer/kronocommadaptor.o
 .data.uart_send_ges_data_flag
                0x00804036        0x1 qtouch/datastreamer/kronocommuart.o
                0x00804036                uart_send_ges_data_flag
 .data.qtm_gestures_2d_control1
                0x00804037        0x4 qtouch/touch.o
                0x00804037                qtm_gestures_2d_control1
 .data.qtm_gestures_2d_config
                0x0080403b       0x1a qtouch/touch.o
                0x0080403b                qtm_gestures_2d_config
 .data.qtm_surface_cs_control1
                0x00804055        0x4 qtouch/touch.o
                0x00804055                qtm_surface_cs_control1
 .data.qtm_surface_cs_config1
                0x00804059        0xd qtouch/touch.o
                0x00804059                qtm_surface_cs_config1
 .data.qtlib_key_set1
                0x00804066        0x8 qtouch/touch.o
                0x00804066                qtlib_key_set1
 .data.qtlib_key_configs_set1
                0x0080406e       0x1b qtouch/touch.o
                0x0080406e                qtlib_key_configs_set1
 .data.qtlib_key_grp_config_set1
                0x00804089        0xa qtouch/touch.o
                0x00804089                qtlib_key_grp_config_set1
 .data.auto_scan_setup
                0x00804093        0x6 qtouch/touch.o
                0x00804093                auto_scan_setup
 .data.qtlib_acq_set1
                0x00804099        0x6 qtouch/touch.o
                0x00804099                qtlib_acq_set1
 .data.ptc_seq_node_cfg1
                0x0080409f       0xb4 qtouch/touch.o
                0x0080409f                ptc_seq_node_cfg1
 .data.ptc_qtlib_acq_gen1
                0x00804153        0x5 qtouch/touch.o
                0x00804153                ptc_qtlib_acq_gen1
 .data.I2C_0_fsmStateTable
                0x00804158       0x24 src/i2c_master.o
                0x00804158                I2C_0_fsmStateTable
 .data.lastEventDir.1954
                0x0080417c        0x1 ../qtouch/lib/gcc\libqtm_surface_gestures_avr_da_0x0023.a(avr_surface_gestures_g_avr_da.o)
 .data.first_time.1959
                0x0080417d        0x1 ../qtouch/lib/gcc\libqtm_surface_gestures_avr_da_0x0023.a(avr_surface_gestures_g_avr_da.o)
 .data.qtm_which_mode_current
                0x0080417e        0x1 ../qtouch/lib/gcc\libqtm_acq_avr_da_0x0037.a(avr_acq_g_avr_da.o)
                0x0080417e                qtm_which_mode_current
 *(.gnu.linkonce.d*)
 *(.rodata)
 .rodata        0x0080417f       0x24 LEDMatrix.o
 *(.rodata*)
 .rodata.Empty  0x008041a3       0x64 Snake.o
 .rodata.GESTURE_EVENTS
                0x00804207       0xdc ../qtouch/lib/gcc\libqtm_surface_gestures_avr_da_0x0023.a(avr_surface_gestures_g_avr_da.o)
                0x00804207                GESTURE_EVENTS
 .rodata.stateTable
                0x008042e3       0x10 ../qtouch/lib/gcc\libqtm_surface_gestures_avr_da_0x0023.a(avr_surface_gestures_g_avr_da.o)
                0x008042e3                stateTable
 .rodata.multipliers_tau_calc
                0x008042f3        0x8 ../qtouch/lib/gcc\libqtm_acq_avr_da_0x0037.a(avr_acq_g_avr_da.o)
 .rodata.gain_setting_int_cap
                0x008042fb        0x5 ../qtouch/lib/gcc\libqtm_acq_avr_da_0x0037.a(avr_acq_g_avr_da.o)
 .rodata.port_array
                0x00804300        0xe ../qtouch/lib/gcc\libqtm_acq_avr_da_0x0037.a(avr_acq_g_avr_da.o)
 .rodata.PTC_XY_PINS
                0x0080430e       0x30 ../qtouch/lib/gcc\libqtm_acq_avr_da_0x0037.a(avr_acq_g_avr_da.o)
 *(.gnu.linkonce.r*)
                0x0080433e                . = ALIGN (0x2)
                0x0080433e                _edata = .
                0x0080433e                PROVIDE (__data_end, .)

.bss            0x0080433e      0x28b
                0x0080433e                PROVIDE (__bss_start, .)
 *(.bss)
 *(.bss*)
 .bss.Col.5730  0x0080433e        0x1 LEDMatrix.o
 .bss.LEDMatrix
                0x0080433f       0x31 LEDMatrix.o
                0x0080433f                LEDMatrix
 .bss.Snake     0x00804370       0x64 main.o
                0x00804370                Snake
 .bss.frameCount.5668
                0x008043d4        0x1 qtouch/datastreamer/kronocommadaptor.o
 .bss.initialized.5667
                0x008043d5        0x1 qtouch/datastreamer/kronocommadaptor.o
 .bss.touchRef  0x008043d6       0x10 qtouch/datastreamer/kronocommadaptor.o
 .bss.touchRaw  0x008043e6       0x10 qtouch/datastreamer/kronocommadaptor.o
 .bss.touchDelta
                0x008043f6        0x8 qtouch/datastreamer/kronocommadaptor.o
 .bss.touchRam  0x008043fe        0x6 qtouch/datastreamer/kronocommadaptor.o
 .bss.writeback_req
                0x00804404        0x1 qtouch/datastreamer/kronocommadaptor.o
 .bss.uart_tx_len
                0x00804405        0x1 qtouch/datastreamer/kronocommuart.o
                0x00804405                uart_tx_len
 .bss.uart_new_data_available
                0x00804406        0x1 qtouch/datastreamer/kronocommuart.o
                0x00804406                uart_new_data_available
 .bss.measurement_period_store
                0x00804407        0x2 qtouch/touch.o
                0x00804407                measurement_period_store
 .bss.time_since_touch
                0x00804409        0x2 qtouch/touch.o
                0x00804409                time_since_touch
 .bss.module_error_code
                0x0080440b        0x1 qtouch/touch.o
                0x0080440b                module_error_code
 .bss.measurement_done_touch
                0x0080440c        0x1 qtouch/touch.o
                0x0080440c                measurement_done_touch
 .bss.touch_postprocess_request
                0x0080440d        0x1 qtouch/touch.o
                0x0080440d                touch_postprocess_request
 .bss.time_to_measure_touch_flag
                0x0080440e        0x1 qtouch/touch.o
                0x0080440e                time_to_measure_touch_flag
 .bss.Food      0x0080440f        0x2 Snake.o
                0x0080440f                Food
 .bss.I2C_0_status
                0x00804411       0x24 src/i2c_master.o
                0x00804411                I2C_0_status
 .bss.qtm_local_ms_timecount
                0x00804435        0x2 ../qtouch/lib/gcc\libqtm_touch_key_avr_da_0x0002.a(avr_touch_key_g_avr_da.o)
                0x00804435                qtm_local_ms_timecount
 .bss.wheelOutputCounter.1958
                0x00804437        0x1 ../qtouch/lib/gcc\libqtm_surface_gestures_avr_da_0x0023.a(avr_surface_gestures_g_avr_da.o)
 .bss.wheelCount.1957
                0x00804438        0x1 ../qtouch/lib/gcc\libqtm_surface_gestures_avr_da_0x0023.a(avr_surface_gestures_g_avr_da.o)
 .bss.wheelStart.1955
                0x00804439        0x1 ../qtouch/lib/gcc\libqtm_surface_gestures_avr_da_0x0023.a(avr_surface_gestures_g_avr_da.o)
 .bss.quadrant_count.1953
                0x0080443a        0x1 ../qtouch/lib/gcc\libqtm_surface_gestures_avr_da_0x0023.a(avr_surface_gestures_g_avr_da.o)
 .bss.wheelDir.1956
                0x0080443b        0x1 ../qtouch/lib/gcc\libqtm_surface_gestures_avr_da_0x0023.a(avr_surface_gestures_g_avr_da.o)
 .bss.previousFingerDistance.1907
                0x0080443c        0x2 ../qtouch/lib/gcc\libqtm_surface_gestures_avr_da_0x0023.a(avr_surface_gestures_g_avr_da.o)
 .bss.increment.1908
                0x0080443e        0x1 ../qtouch/lib/gcc\libqtm_surface_gestures_avr_da_0x0023.a(avr_surface_gestures_g_avr_da.o)
 .bss.last_contact_status.1901
                0x0080443f        0x2 ../qtouch/lib/gcc\libqtm_surface_gestures_avr_da_0x0023.a(avr_surface_gestures_g_avr_da.o)
 .bss.tapThreshExceeded.1917
                0x00804441        0x1 ../qtouch/lib/gcc\libqtm_surface_gestures_avr_da_0x0023.a(avr_surface_gestures_g_avr_da.o)
 .bss.swipeCounter.1916
                0x00804442        0x1 ../qtouch/lib/gcc\libqtm_surface_gestures_avr_da_0x0023.a(avr_surface_gestures_g_avr_da.o)
 .bss.lastEvent.1915
                0x00804443        0x1 ../qtouch/lib/gcc\libqtm_surface_gestures_avr_da_0x0023.a(avr_surface_gestures_g_avr_da.o)
 .bss.y_position.1919
                0x00804444        0x2 ../qtouch/lib/gcc\libqtm_surface_gestures_avr_da_0x0023.a(avr_surface_gestures_g_avr_da.o)
 .bss.x_position.1918
                0x00804446        0x2 ../qtouch/lib/gcc\libqtm_surface_gestures_avr_da_0x0023.a(avr_surface_gestures_g_avr_da.o)
 .bss.dualFingerGesture
                0x00804448        0x1 ../qtouch/lib/gcc\libqtm_surface_gestures_avr_da_0x0023.a(avr_surface_gestures_g_avr_da.o)
 .bss.timeouttrack
                0x00804449        0x1 ../qtouch/lib/gcc\libqtm_surface_gestures_avr_da_0x0023.a(avr_surface_gestures_g_avr_da.o)
 .bss.distanceTrackingStatus
                0x0080444a        0x1 ../qtouch/lib/gcc\libqtm_surface_gestures_avr_da_0x0023.a(avr_surface_gestures_g_avr_da.o)
 .bss.diag      0x0080444b        0x1 ../qtouch/lib/gcc\libqtm_surface_gestures_avr_da_0x0023.a(avr_surface_gestures_g_avr_da.o)
 .bss.value     0x0080444c        0x1 ../qtouch/lib/gcc\libqtm_surface_gestures_avr_da_0x0023.a(avr_surface_gestures_g_avr_da.o)
 .bss.status    0x0080444d        0x1 ../qtouch/lib/gcc\libqtm_surface_gestures_avr_da_0x0023.a(avr_surface_gestures_g_avr_da.o)
 .bss.currentGesture
                0x0080444e        0xb ../qtouch/lib/gcc\libqtm_surface_gestures_avr_da_0x0023.a(avr_surface_gestures_g_avr_da.o)
 .bss.eventQueue
                0x00804459        0x4 ../qtouch/lib/gcc\libqtm_surface_gestures_avr_da_0x0023.a(avr_surface_gestures_g_avr_da.o)
 .bss.eventCounter
                0x0080445d        0x1 ../qtouch/lib/gcc\libqtm_surface_gestures_avr_da_0x0023.a(avr_surface_gestures_g_avr_da.o)
 .bss.tapCount  0x0080445e        0x1 ../qtouch/lib/gcc\libqtm_surface_gestures_avr_da_0x0023.a(avr_surface_gestures_g_avr_da.o)
 .bss.touchUp   0x0080445f        0x4 ../qtouch/lib/gcc\libqtm_surface_gestures_avr_da_0x0023.a(avr_surface_gestures_g_avr_da.o)
 .bss.touchStream
                0x00804463        0x4 ../qtouch/lib/gcc\libqtm_surface_gestures_avr_da_0x0023.a(avr_surface_gestures_g_avr_da.o)
 .bss.touchDown
                0x00804467        0x4 ../qtouch/lib/gcc\libqtm_surface_gestures_avr_da_0x0023.a(avr_surface_gestures_g_avr_da.o)
 .bss.new_contact_detected
                0x0080446b        0x1 ../qtouch/lib/gcc\libqtm_surface_cs_avr_da_0x0021.a(avr_surface_cs_g_avr_da.o)
 .bss.median_filter_data_buffer
                0x0080446c        0xc ../qtouch/lib/gcc\libqtm_surface_cs_avr_da_0x0021.a(avr_surface_cs_g_avr_da.o)
                0x0080446c                median_filter_data_buffer
 .bss.ptc_wcomp_happened_pointer
                0x00804478        0x2 ../qtouch/lib/gcc\libqtm_acq_avr_da_0x0037.a(avr_acq_g_avr_da.o)
 .bss.ptc_seq_measure_complete_pointer
                0x0080447a        0x2 ../qtouch/lib/gcc\libqtm_acq_avr_da_0x0037.a(avr_acq_g_avr_da.o)
 .bss.touch_seq_lib_state
                0x0080447c        0x1 ../qtouch/lib/gcc\libqtm_acq_avr_da_0x0037.a(avr_acq_g_avr_da.o)
 .bss.current_measure_channel
                0x0080447d        0x2 ../qtouch/lib/gcc\libqtm_acq_avr_da_0x0037.a(avr_acq_g_avr_da.o)
 *(COMMON)
 COMMON         0x0080447f        0x3 main.o
                0x0080447f                TimCount
                0x00804480                Flags
 COMMON         0x00804482       0xb6 qtouch/datastreamer/kronocommuart.o
                0x00804482                read_buf_write_ptr
                0x00804483                write_buf_read_ptr
                0x00804484                uart_command_info
                0x0080448a                write_buf_write_ptr
                0x0080448b                read_buffer
                0x0080449f                read_buf_read_ptr
                0x008044a0                write_buffer
                0x00804504                uart_tx_in_progress
                0x00804505                uart_runtime_data
 COMMON         0x00804538       0x89 qtouch/touch.o
                0x00804538                qtm_surface_cs_data1
                0x00804543                qtlib_key_grp_data_set1
                0x00804549                ptc_qtlib_node_stat1
                0x00804576                touch_acq_signals_raw
                0x00804588                qtm_gestures_2d_data
                0x0080458b                qtlib_key_data_set1
 COMMON         0x008045c1        0x4 ../qtouch/lib/gcc\libqtm_surface_gestures_avr_da_0x0023.a(avr_surface_gestures_g_avr_da.o)
                0x008045c1                timer
                0x008045c3                cfgRam
 COMMON         0x008045c5        0x4 ../qtouch/lib/gcc\libqtm_acq_avr_da_0x0037.a(avr_acq_g_avr_da.o)
                0x008045c5                qtm_acquisition_control_working_set_ptr
                0x008045c7                qtm_raw_data_measurements_ptr
                0x008045c9                PROVIDE (__bss_end, .)
                0x00004e86                __data_load_start = LOADADDR (.data)
                0x000051c4                __data_load_end = (__data_load_start + SIZEOF (.data))

.noinit         0x008045c9        0x0
                [!provide]                PROVIDE (__noinit_start, .)
 *(.noinit*)
                [!provide]                PROVIDE (__noinit_end, .)
                0x008045c9                _end = .
                [!provide]                PROVIDE (__heap_start, .)

.eeprom         0x00810000        0x0
 *(.eeprom*)
                0x00810000                __eeprom_end = .

.fuse
 *(.fuse)
 *(.lfuse)
 *(.hfuse)
 *(.efuse)

.lock
 *(.lock*)

.signature
 *(.signature*)

.user_signatures
 *(.user_signatures*)

.stab
 *(.stab)

.stabstr
 *(.stabstr)

.stab.excl
 *(.stab.excl)

.stab.exclstr
 *(.stab.exclstr)

.stab.index
 *(.stab.index)

.stab.indexstr
 *(.stab.indexstr)

.comment        0x00000000       0x60
 *(.comment)
 .comment       0x00000000       0x30 atmel_start.o
                                 0x31 (size before relaxing)
 .comment       0x00000030       0x31 driver_isr.o
 .comment       0x00000030       0x31 LEDMatrix.o
 .comment       0x00000030       0x31 main.o
 .comment       0x00000030       0x31 qtouch/datastreamer/kronocommadaptor.o
 .comment       0x00000030       0x31 qtouch/datastreamer/kronocommuart.o
 .comment       0x00000030       0x31 qtouch/touch.o
 .comment       0x00000030       0x31 Snake.o
 .comment       0x00000030       0x31 src/bod.o
 .comment       0x00000030       0x31 src/clkctrl.o
 .comment       0x00000030       0x31 src/cpuint.o
 .comment       0x00000030       0x31 src/driver_init.o
 .comment       0x00000030       0x31 src/i2c_master.o
 .comment       0x00000030       0x31 src/i2c_simple_master.o
 .comment       0x00000030       0x31 src/i2c_types.o
 .comment       0x00000030       0x31 src/rtc.o
 .comment       0x00000030       0x31 src/slpctrl.o
 .comment       0x00000030       0x31 src/usart.o
 .comment       0x00000030       0x30 ../qtouch/lib/gcc\libqtm_touch_key_avr_da_0x0002.a(avr_touch_key_g_avr_da.o)
                                 0x31 (size before relaxing)
 .comment       0x00000060       0x31 ../qtouch/lib/gcc\libqtm_surface_gestures_avr_da_0x0023.a(avr_surface_gestures_g_avr_da.o)
 .comment       0x00000060       0x31 ../qtouch/lib/gcc\libqtm_surface_cs_avr_da_0x0021.a(avr_surface_cs_g_avr_da.o)
 .comment       0x00000060       0x31 ../qtouch/lib/gcc\libqtm_acq_avr_da_0x0037.a(avr_acq_g_avr_da.o)
 .comment       0x00000060       0x31 c:/program files (x86)/atmel/studio/7.0/toolchain/avr8/avr8-gnu-toolchain/bin/../lib/gcc/avr/5.4.0/../../../../avr/lib/avrxmega4\libc.a(random.o)

.note.gnu.avr.deviceinfo
                0x00000000       0x40
 .note.gnu.avr.deviceinfo
                0x00000000       0x40 C:/Program Files (x86)/Atmel/Studio/7.0/Packs/Atmel/AVR-Dx_DFP/1.0.18/gcc/dev/avr128da48/avrxmega4/crtavr128da48.o

.note.gnu.build-id
 *(.note.gnu.build-id)

.debug
 *(.debug)

.line
 *(.line)

.debug_srcinfo
 *(.debug_srcinfo)

.debug_sfnames
 *(.debug_sfnames)

.debug_aranges  0x00000000      0x518
 *(.debug_aranges)
 .debug_aranges
                0x00000000       0x20 atmel_start.o
 .debug_aranges
                0x00000020       0x30 driver_isr.o
 .debug_aranges
                0x00000050       0x40 LEDMatrix.o
 .debug_aranges
                0x00000090       0x28 main.o
 .debug_aranges
                0x000000b8       0x40 qtouch/datastreamer/kronocommadaptor.o
 .debug_aranges
                0x000000f8       0x68 qtouch/datastreamer/kronocommuart.o
 .debug_aranges
                0x00000160       0x98 qtouch/touch.o
 .debug_aranges
                0x000001f8       0x30 Snake.o
 .debug_aranges
                0x00000228       0x20 src/bod.o
 .debug_aranges
                0x00000248       0x20 src/clkctrl.o
 .debug_aranges
                0x00000268       0x20 src/cpuint.o
 .debug_aranges
                0x00000288       0x38 src/driver_init.o
 .debug_aranges
                0x000002c0      0x120 src/i2c_master.o
 .debug_aranges
                0x000003e0       0x78 src/i2c_simple_master.o
 .debug_aranges
                0x00000458       0x38 src/i2c_types.o
 .debug_aranges
                0x00000490       0x20 src/protected_io.o
 .debug_aranges
                0x000004b0       0x20 src/rtc.o
 .debug_aranges
                0x000004d0       0x28 src/slpctrl.o
 .debug_aranges
                0x000004f8       0x20 src/usart.o

.debug_pubnames
 *(.debug_pubnames)

.debug_info     0x00000000     0xb95f
 *(.debug_info .gnu.linkonce.wi.*)
 .debug_info    0x00000000     0x2e84 C:/Program Files (x86)/Atmel/Studio/7.0/Packs/Atmel/AVR-Dx_DFP/1.0.18/gcc/dev/avr128da48/avrxmega4/crtavr128da48.o
 .debug_info    0x00002e84       0xb8 atmel_start.o
 .debug_info    0x00002f3c      0x3b2 driver_isr.o
 .debug_info    0x000032ee      0x76f LEDMatrix.o
 .debug_info    0x00003a5d      0x56e main.o
 .debug_info    0x00003fcb      0x934 qtouch/datastreamer/kronocommadaptor.o
 .debug_info    0x000048ff      0xc2e qtouch/datastreamer/kronocommuart.o
 .debug_info    0x0000552d     0x28bc qtouch/touch.o
 .debug_info    0x00007de9      0x4ee Snake.o
 .debug_info    0x000082d7      0x188 src/bod.o
 .debug_info    0x0000845f      0x2ce src/clkctrl.o
 .debug_info    0x0000872d       0x8d src/cpuint.o
 .debug_info    0x000087ba     0x10d9 src/driver_init.o
 .debug_info    0x00009893      0xe7f src/i2c_master.o
 .debug_info    0x0000a712      0x973 src/i2c_simple_master.o
 .debug_info    0x0000b085      0x146 src/i2c_types.o
 .debug_info    0x0000b1cb       0x78 src/protected_io.o
 .debug_info    0x0000b243      0x389 src/rtc.o
 .debug_info    0x0000b5cc      0x136 src/slpctrl.o
 .debug_info    0x0000b702      0x25d src/usart.o

.debug_abbrev   0x00000000     0x4815
 *(.debug_abbrev)
 .debug_abbrev  0x00000000     0x2c0e C:/Program Files (x86)/Atmel/Studio/7.0/Packs/Atmel/AVR-Dx_DFP/1.0.18/gcc/dev/avr128da48/avrxmega4/crtavr128da48.o
 .debug_abbrev  0x00002c0e       0x71 atmel_start.o
 .debug_abbrev  0x00002c7f      0x103 driver_isr.o
 .debug_abbrev  0x00002d82      0x270 LEDMatrix.o
 .debug_abbrev  0x00002ff2      0x183 main.o
 .debug_abbrev  0x00003175      0x1d6 qtouch/datastreamer/kronocommadaptor.o
 .debug_abbrev  0x0000334b      0x2d6 qtouch/datastreamer/kronocommuart.o
 .debug_abbrev  0x00003621      0x3c9 qtouch/touch.o
 .debug_abbrev  0x000039ea      0x1eb Snake.o
 .debug_abbrev  0x00003bd5       0xaf src/bod.o
 .debug_abbrev  0x00003c84      0x117 src/clkctrl.o
 .debug_abbrev  0x00003d9b       0x51 src/cpuint.o
 .debug_abbrev  0x00003dec      0x1bc src/driver_init.o
 .debug_abbrev  0x00003fa8      0x3cf src/i2c_master.o
 .debug_abbrev  0x00004377      0x15d src/i2c_simple_master.o
 .debug_abbrev  0x000044d4       0x9d src/i2c_types.o
 .debug_abbrev  0x00004571       0x14 src/protected_io.o
 .debug_abbrev  0x00004585       0xe6 src/rtc.o
 .debug_abbrev  0x0000466b       0xc4 src/slpctrl.o
 .debug_abbrev  0x0000472f       0xe6 src/usart.o

.debug_line     0x00000000     0x3a97
 *(.debug_line .debug_line.* .debug_line_end)
 .debug_line    0x00000000      0x1f9 C:/Program Files (x86)/Atmel/Studio/7.0/Packs/Atmel/AVR-Dx_DFP/1.0.18/gcc/dev/avr128da48/avrxmega4/crtavr128da48.o
 .debug_line    0x000001f9       0x8b atmel_start.o
 .debug_line    0x00000284      0x155 driver_isr.o
 .debug_line    0x000003d9      0x370 LEDMatrix.o
 .debug_line    0x00000749      0x297 main.o
 .debug_line    0x000009e0      0x4ea qtouch/datastreamer/kronocommadaptor.o
 .debug_line    0x00000eca      0x8a3 qtouch/datastreamer/kronocommuart.o
 .debug_line    0x0000176d      0x73a qtouch/touch.o
 .debug_line    0x00001ea7      0x359 Snake.o
 .debug_line    0x00002200      0x10c src/bod.o
 .debug_line    0x0000230c      0x13a src/clkctrl.o
 .debug_line    0x00002446       0xab src/cpuint.o
 .debug_line    0x000024f1      0x31d src/driver_init.o
 .debug_line    0x0000280e      0x96e src/i2c_master.o
 .debug_line    0x0000317c      0x4bc src/i2c_simple_master.o
 .debug_line    0x00003638       0xa2 src/i2c_types.o
 .debug_line    0x000036da       0x5b src/protected_io.o
 .debug_line    0x00003735      0x122 src/rtc.o
 .debug_line    0x00003857      0x126 src/slpctrl.o
 .debug_line    0x0000397d      0x11a src/usart.o

.debug_frame    0x00000000      0xbb4
 *(.debug_frame)
 .debug_frame   0x00000000       0x24 atmel_start.o
 .debug_frame   0x00000024      0x11c driver_isr.o
 .debug_frame   0x00000140       0x9c LEDMatrix.o
 .debug_frame   0x000001dc       0x34 main.o
 .debug_frame   0x00000210       0x84 qtouch/datastreamer/kronocommadaptor.o
 .debug_frame   0x00000294       0xe0 qtouch/datastreamer/kronocommuart.o
 .debug_frame   0x00000374      0x180 qtouch/touch.o
 .debug_frame   0x000004f4       0xe0 Snake.o
 .debug_frame   0x000005d4       0x24 src/bod.o
 .debug_frame   0x000005f8       0x24 src/clkctrl.o
 .debug_frame   0x0000061c       0x24 src/cpuint.o
 .debug_frame   0x00000640       0x54 src/driver_init.o
 .debug_frame   0x00000694      0x29c src/i2c_master.o
 .debug_frame   0x00000930      0x1b4 src/i2c_simple_master.o
 .debug_frame   0x00000ae4       0x54 src/i2c_types.o
 .debug_frame   0x00000b38       0x24 src/rtc.o
 .debug_frame   0x00000b5c       0x34 src/slpctrl.o
 .debug_frame   0x00000b90       0x24 src/usart.o

.debug_str      0x00000000     0x59e3
 *(.debug_str)
 .debug_str     0x00000000     0x1434 C:/Program Files (x86)/Atmel/Studio/7.0/Packs/Atmel/AVR-Dx_DFP/1.0.18/gcc/dev/avr128da48/avrxmega4/crtavr128da48.o
 .debug_str     0x00001434      0x163 atmel_start.o
                                0x19c (size before relaxing)
 .debug_str     0x00001597      0x155 driver_isr.o
                                0x2dc (size before relaxing)
 .debug_str     0x000016ec      0x119 LEDMatrix.o
                                0x29e (size before relaxing)
 .debug_str     0x00001805      0x311 main.o
                                0x524 (size before relaxing)
 .debug_str     0x00001b16      0x778 qtouch/datastreamer/kronocommadaptor.o
                                0xb4e (size before relaxing)
 .debug_str     0x0000228e      0x272 qtouch/datastreamer/kronocommuart.o
                                0x636 (size before relaxing)
 .debug_str     0x00002500     0x2519 qtouch/touch.o
                               0x2f61 (size before relaxing)
 .debug_str     0x00004a19       0x30 Snake.o
                                0x299 (size before relaxing)
 .debug_str     0x00004a49       0x7e src/bod.o
                                0x22f (size before relaxing)
 .debug_str     0x00004ac7      0x1c0 src/clkctrl.o
                                0x36f (size before relaxing)
 .debug_str     0x00004c87       0x1c src/cpuint.o
                                0x17f (size before relaxing)
 .debug_str     0x00004ca3      0x27d src/driver_init.o
                                0x5e2 (size before relaxing)
 .debug_str     0x00004f20      0x72b src/i2c_master.o
                                0x9d5 (size before relaxing)
 .debug_str     0x0000564b      0x143 src/i2c_simple_master.o
                                0x3f7 (size before relaxing)
 .debug_str     0x0000578e       0x63 src/i2c_types.o
                                0x20f (size before relaxing)
 .debug_str     0x000057f1       0x71 src/rtc.o
                                0x456 (size before relaxing)
 .debug_str     0x00005862       0xb9 src/slpctrl.o
                                0x243 (size before relaxing)
 .debug_str     0x0000591b       0xc8 src/usart.o
                                0x2f1 (size before relaxing)

.debug_loc      0x00000000     0x3a06
 *(.debug_loc)
 .debug_loc     0x00000000      0x261 driver_isr.o
 .debug_loc     0x00000261      0x4a9 LEDMatrix.o
 .debug_loc     0x0000070a      0x63e qtouch/datastreamer/kronocommadaptor.o
 .debug_loc     0x00000d48      0x63c qtouch/datastreamer/kronocommuart.o
 .debug_loc     0x00001384      0x9ad qtouch/touch.o
 .debug_loc     0x00001d31      0x3a0 Snake.o
 .debug_loc     0x000020d1       0x2a src/clkctrl.o
 .debug_loc     0x000020fb      0x898 src/driver_init.o
 .debug_loc     0x00002993      0x65e src/i2c_master.o
 .debug_loc     0x00002ff1      0x95c src/i2c_simple_master.o
 .debug_loc     0x0000394d       0x98 src/i2c_types.o
 .debug_loc     0x000039e5       0x21 src/slpctrl.o

.debug_macinfo
 *(.debug_macinfo)

.debug_weaknames
 *(.debug_weaknames)

.debug_funcnames
 *(.debug_funcnames)

.debug_typenames
 *(.debug_typenames)

.debug_varnames
 *(.debug_varnames)

.debug_pubtypes
 *(.debug_pubtypes)

.debug_ranges   0x00000000      0x580
 *(.debug_ranges)
 .debug_ranges  0x00000000       0x10 atmel_start.o
 .debug_ranges  0x00000010       0x20 driver_isr.o
 .debug_ranges  0x00000030       0x30 LEDMatrix.o
 .debug_ranges  0x00000060       0x40 main.o
 .debug_ranges  0x000000a0       0x58 qtouch/datastreamer/kronocommadaptor.o
 .debug_ranges  0x000000f8      0x108 qtouch/datastreamer/kronocommuart.o
 .debug_ranges  0x00000200       0xb8 qtouch/touch.o
 .debug_ranges  0x000002b8       0x20 Snake.o
 .debug_ranges  0x000002d8       0x10 src/bod.o
 .debug_ranges  0x000002e8       0x10 src/clkctrl.o
 .debug_ranges  0x000002f8       0x10 src/cpuint.o
 .debug_ranges  0x00000308       0x28 src/driver_init.o
 .debug_ranges  0x00000330      0x188 src/i2c_master.o
 .debug_ranges  0x000004b8       0x68 src/i2c_simple_master.o
 .debug_ranges  0x00000520       0x28 src/i2c_types.o
 .debug_ranges  0x00000548       0x10 src/rtc.o
 .debug_ranges  0x00000558       0x18 src/slpctrl.o
 .debug_ranges  0x00000570       0x10 src/usart.o

.debug_macro
 *(.debug_macro)
OUTPUT(SnakeDemoAVRDA.elf elf32-avr)
LOAD linker stubs
