Archive member included to satisfy reference by file (symbol)

../qtouch/lib/gcc\libqtm_touch_key_avr_da_0x0002.a(avr_touch_key_g_avr_da.o)
                              qtouch/touch.o (qtm_update_qtlib_timer)
../qtouch/lib/gcc\libqtm_surface_gestures_avr_da_0x0023.a(avr_surface_gestures_g_avr_da.o)
                              main.o (qtm_gestures_2d_clearGesture)
../qtouch/lib/gcc\libqtm_surface_cs_avr_da_0x0021.a(avr_surface_cs_g_avr_da.o)
                              qtouch/touch.o (qtm_surface_cs_process)
../qtouch/lib/gcc\libqtm_acq_avr_da_0x0037.a(avr_acq_g_avr_da.o)
                              qtouch/touch.o (qtm_acquisition_process)
c:/program files (x86)/atmel/studio/7.0/toolchain/avr8/avr8-gnu-toolchain/bin/../lib/gcc/avr/5.4.0/../../../../avr/lib/avrxmega4\libm.a(addsf3.o)
                              src/i2c_master.o (__subsf3)
c:/program files (x86)/atmel/studio/7.0/toolchain/avr8/avr8-gnu-toolchain/bin/../lib/gcc/avr/5.4.0/../../../../avr/lib/avrxmega4\libm.a(addsf3x.o)
                              c:/program files (x86)/atmel/studio/7.0/toolchain/avr8/avr8-gnu-toolchain/bin/../lib/gcc/avr/5.4.0/../../../../avr/lib/avrxmega4\libm.a(addsf3.o) (__addsf3x)
c:/program files (x86)/atmel/studio/7.0/toolchain/avr8/avr8-gnu-toolchain/bin/../lib/gcc/avr/5.4.0/../../../../avr/lib/avrxmega4\libm.a(divsf3.o)
                              src/i2c_master.o (__divsf3)
c:/program files (x86)/atmel/studio/7.0/toolchain/avr8/avr8-gnu-toolchain/bin/../lib/gcc/avr/5.4.0/../../../../avr/lib/avrxmega4\libm.a(divsf3x.o)
                              c:/program files (x86)/atmel/studio/7.0/toolchain/avr8/avr8-gnu-toolchain/bin/../lib/gcc/avr/5.4.0/../../../../avr/lib/avrxmega4\libm.a(divsf3.o) (__divsf3x)
c:/program files (x86)/atmel/studio/7.0/toolchain/avr8/avr8-gnu-toolchain/bin/../lib/gcc/avr/5.4.0/../../../../avr/lib/avrxmega4\libm.a(fixunssfsi.o)
                              src/i2c_master.o (__fixunssfsi)
c:/program files (x86)/atmel/studio/7.0/toolchain/avr8/avr8-gnu-toolchain/bin/../lib/gcc/avr/5.4.0/../../../../avr/lib/avrxmega4\libm.a(floatsisf.o)
                              src/i2c_master.o (__floatunsisf)
c:/program files (x86)/atmel/studio/7.0/toolchain/avr8/avr8-gnu-toolchain/bin/../lib/gcc/avr/5.4.0/../../../../avr/lib/avrxmega4\libm.a(fp_inf.o)
                              c:/program files (x86)/atmel/studio/7.0/toolchain/avr8/avr8-gnu-toolchain/bin/../lib/gcc/avr/5.4.0/../../../../avr/lib/avrxmega4\libm.a(addsf3x.o) (__fp_inf)
c:/program files (x86)/atmel/studio/7.0/toolchain/avr8/avr8-gnu-toolchain/bin/../lib/gcc/avr/5.4.0/../../../../avr/lib/avrxmega4\libm.a(fp_nan.o)
                              c:/program files (x86)/atmel/studio/7.0/toolchain/avr8/avr8-gnu-toolchain/bin/../lib/gcc/avr/5.4.0/../../../../avr/lib/avrxmega4\libm.a(addsf3x.o) (__fp_nan)
c:/program files (x86)/atmel/studio/7.0/toolchain/avr8/avr8-gnu-toolchain/bin/../lib/gcc/avr/5.4.0/../../../../avr/lib/avrxmega4\libm.a(fp_pscA.o)
                              c:/program files (x86)/atmel/studio/7.0/toolchain/avr8/avr8-gnu-toolchain/bin/../lib/gcc/avr/5.4.0/../../../../avr/lib/avrxmega4\libm.a(addsf3x.o) (__fp_pscA)
c:/program files (x86)/atmel/studio/7.0/toolchain/avr8/avr8-gnu-toolchain/bin/../lib/gcc/avr/5.4.0/../../../../avr/lib/avrxmega4\libm.a(fp_pscB.o)
                              c:/program files (x86)/atmel/studio/7.0/toolchain/avr8/avr8-gnu-toolchain/bin/../lib/gcc/avr/5.4.0/../../../../avr/lib/avrxmega4\libm.a(addsf3x.o) (__fp_pscB)
c:/program files (x86)/atmel/studio/7.0/toolchain/avr8/avr8-gnu-toolchain/bin/../lib/gcc/avr/5.4.0/../../../../avr/lib/avrxmega4\libm.a(fp_round.o)
                              c:/program files (x86)/atmel/studio/7.0/toolchain/avr8/avr8-gnu-toolchain/bin/../lib/gcc/avr/5.4.0/../../../../avr/lib/avrxmega4\libm.a(addsf3.o) (__fp_round)
c:/program files (x86)/atmel/studio/7.0/toolchain/avr8/avr8-gnu-toolchain/bin/../lib/gcc/avr/5.4.0/../../../../avr/lib/avrxmega4\libm.a(fp_split3.o)
                              c:/program files (x86)/atmel/studio/7.0/toolchain/avr8/avr8-gnu-toolchain/bin/../lib/gcc/avr/5.4.0/../../../../avr/lib/avrxmega4\libm.a(addsf3x.o) (__fp_split3)
c:/program files (x86)/atmel/studio/7.0/toolchain/avr8/avr8-gnu-toolchain/bin/../lib/gcc/avr/5.4.0/../../../../avr/lib/avrxmega4\libm.a(fp_zero.o)
                              c:/program files (x86)/atmel/studio/7.0/toolchain/avr8/avr8-gnu-toolchain/bin/../lib/gcc/avr/5.4.0/../../../../avr/lib/avrxmega4\libm.a(addsf3x.o) (__fp_zero)
c:/program files (x86)/atmel/studio/7.0/toolchain/avr8/avr8-gnu-toolchain/bin/../lib/gcc/avr/5.4.0/../../../../avr/lib/avrxmega4\libm.a(mulsf3.o)
                              src/i2c_master.o (__mulsf3)
c:/program files (x86)/atmel/studio/7.0/toolchain/avr8/avr8-gnu-toolchain/bin/../lib/gcc/avr/5.4.0/../../../../avr/lib/avrxmega4\libm.a(mulsf3x.o)
[...]
Memory Configuration

Name             Origin             Length             Attributes
text             0x00000000         0x00020000         xr
data             0x00804000         0x00004000         rw !x
eeprom           0x00810000         0x00000200         rw !x
fuse             0x00820000         0x00000010         rw !x
lock             0x00830000         0x00000400         rw !x
signature        0x00840000         0x00000400         rw !x
user_signatures  0x00850000         0x00000400         rw !x
*default*        0x00000000         0xffffffff

Linker script and memory map

Address of section .data set to 0x804000
                0x00008000                __RODATA_PM_OFFSET__ = 0x8000
LOAD C:/Program Files (x86)/Atmel/Studio/7.0/Packs/Atmel/AVR-Dx_DFP/1.0.18/gcc/dev/avr128da48/avrxmega4/crtavr128da48.o
LOAD atmel_start.o
LOAD driver_isr.o
LOAD examples/src/i2c_master_example.o
LOAD examples/src/touch_example.o
LOAD LEDMatrix.o
LOAD main.o
LOAD qtouch/datastreamer/kronocommadaptor.o
LOAD qtouch/datastreamer/kronocommuart.o
LOAD qtouch/touch.o
LOAD Snake.o
LOAD src/bod.o
LOAD src/clkctrl.o
LOAD src/cpuint.o
LOAD src/driver_init.o
LOAD src/i2c_master.o
LOAD src/i2c_simple_master.o
LOAD src/i2c_types.o
LOAD src/protected_io.o
LOAD src/rtc.o
LOAD src/slpctrl.o
LOAD src/usart.o
START GROUP
LOAD ../qtouch/lib/gcc\libqtm_touch_key_avr_da_0x0002.a
LOAD ../qtouch/lib/gcc\libqtm_surface_gestures_avr_da_0x0023.a
LOAD ../qtouch/lib/gcc\libqtm_surface_cs_avr_da_0x0021.a
LOAD ../qtouch/lib/gcc\libqtm_binding_layer_avr_da_0x0005.a
LOAD ../qtouch/lib/gcc\libqtm_acq_avr_da_0x0037.a
LOAD c:/program files (x86)/atmel/studio/7.0/toolchain/avr8/avr8-gnu-toolchain/bin/../lib/gcc/avr/5.4.0/../../../../avr/lib/avrxmega4\libm.a
END GROUP
START GROUP
LOAD c:/program files (x86)/atmel/studio/7.0/toolchain/avr8/avr8-gnu-toolchain/bin/../lib/gcc/avr/5.4.0/avrxmega4\libgcc.a
LOAD c:/program files (x86)/atmel/studio/7.0/toolchain/avr8/avr8-gnu-toolchain/bin/../lib/gcc/avr/5.4.0/../../../../avr/lib/avrxmega4\libm.a
LOAD c:/program files (x86)/atmel/studio/7.0/toolchain/avr8/avr8-gnu-toolchain/bin/../lib/gcc/avr/5.4.0/../../../../avr/lib/avrxmega4\libc.a
LOAD C:/Program Files (x86)/Atmel/Studio/7.0/Packs/Atmel/AVR-Dx_DFP/1.0.18/gcc/dev/avr128da48/avrxmega4\libavr128da48.a
END GROUP
                [0x00000000]                __TEXT_REGION_ORIGIN__ = DEFINED (__TEXT_REGION_ORIGIN__)?__TEXT_REGION_ORIGIN__:0x0
                [0x00804000]                __DATA_REGION_ORIGIN__ = DEFINED (__DATA_REGION_ORIGIN__)?__DATA_REGION_ORIGIN__:0x802000
                [0x00020000]                __TEXT_REGION_LENGTH__ = DEFINED (__TEXT_REGION_LENGTH__)?__TEXT_REGION_LENGTH__:0x100000
                [0x00004000]                __DATA_REGION_LENGTH__ = DEFINED (__DATA_REGION_LENGTH__)?__DATA_REGION_LENGTH__:0xffa0
                [0x00000200]                __EEPROM_REGION_LENGTH__ = DEFINED (__EEPROM_REGION_LENGTH__)?__EEPROM_REGION_LENGTH__:0x10000
                [0x00000010]                __FUSE_REGION_LENGTH__ = DEFINED (__FUSE_REGION_LENGTH__)?__FUSE_REGION_LENGTH__:0x400
                0x00000400                __LOCK_REGION_LENGTH__ = DEFINED (__LOCK_REGION_LENGTH__)?__LOCK_REGION_LENGTH__:0x400
                0x00000400                __SIGNATURE_REGION_LENGTH__ = DEFINED (__SIGNATURE_REGION_LENGTH__)?__SIGNATURE_REGION_LENGTH__:0x400
                0x00000400                __USER_SIGNATURE_REGION_LENGTH__ = DEFINED (__USER_SIGNATURE_REGION_LENGTH__)?__USER_SIGNATURE_REGION_LENGTH__:0x400

.hash
 *(.hash)

.dynsym
 *(.dynsym)

.dynstr
 *(.dynstr)

.gnu.version
 *(.gnu.version)

.gnu.version_d
 *(.gnu.version_d)

.gnu.version_r
 *(.gnu.version_r)

.rel.init
 *(.rel.init)

.rela.init
 *(.rela.init)

.rel.text
 *(.rel.text)
 *(.rel.text.*)
 *(.rel.gnu.linkonce.t*)

.rela.text
 *(.rela.text)
 *(.rela.text.*)
 *(.rela.gnu.linkonce.t*)

.rel.fini
 *(.rel.fini)

.rela.fini
 *(.rela.fini)

.rel.rodata
 *(.rel.rodata)
 *(.rel.rodata.*)
 *(.rel.gnu.linkonce.r*)

.rela.rodata
 *(.rela.rodata)
 *(.rela.rodata.*)
 *(.rela.gnu.linkonce.r*)

.rel.data
 *(.rel.data)
 *(.rel.data.*)
 *(.rel.gnu.linkonce.d*)

.rela.data
 *(.rela.data)
 *(.rela.data.*)
 *(.rela.gnu.linkonce.d*)

.rel.ctors
 *(.rel.ctors)

.rela.ctors
 *(.rela.ctors)

.rel.dtors
 *(.rel.dtors)

.rela.dtors
 *(.rela.dtors)

.rel.got
 *(.rel.got)

.rela.got
 *(.rela.got)

.rel.bss
 *(.rel.bss)

.rela.bss
 *(.rela.bss)

.rel.plt
 *(.rel.plt)

.rela.plt
 *(.rela.plt)

.text           0x00000000     0x440c
 *(.vectors)
 .vectors       0x00000000       0xec C:/Program Files (x86)/Atmel/Studio/7.0/Packs/Atmel/AVR-Dx_DFP/1.0.18/gcc/dev/avr128da48/avrxmega4/crtavr128da48.o
                0x00000000                __vector_default
                0x00000000                __vectors
 *(.vectors)
 *(.progmem.gcc*)
                0x000000ec                . = ALIGN (0x2)
                0x000000ec                __trampolines_start = .
 *(.trampolines)
 .trampolines   0x000000ec        0x0 linker stubs
 *(.trampolines*)
                0x000000ec                __trampolines_end = .
 *libprintf_flt.a:*(.progmem.data)
 *libc.a:*(.progmem.data)
 *(.progmem*)
                0x000000ec                . = ALIGN (0x2)
 *(.jumptables)
 *(.jumptables*)
 *(.lowtext)
 *(.lowtext*)
                0x000000ec                __ctors_start = .
 *(.ctors)
                0x000000ec                __ctors_end = .
                0x000000ec                __dtors_start = .
 *(.dtors)
                0x000000ec                __dtors_end = .
 SORT(*)(.ctors)
 SORT(*)(.dtors)
 *(.init0)
 .init0         0x000000ec        0x0 C:/Program Files (x86)/Atmel/Studio/7.0/Packs/Atmel/AVR-Dx_DFP/1.0.18/gcc/dev/avr128da48/avrxmega4/crtavr128da48.o
                0x000000ec                __init
 *(.init0)
 *(.init1)
 *(.init1)
 *(.init2)
 .init2         0x000000ec        0xc C:/Program Files (x86)/Atmel/Studio/7.0/Packs/Atmel/AVR-Dx_DFP/1.0.18/gcc/dev/avr128da48/avrxmega4/crtavr128da48.o
 *(.init2)
 *(.init3)
 *(.init3)
 *(.init4)
 .init4         0x000000f8       0x1a c:/program files (x86)/atmel/studio/7.0/toolchain/avr8/avr8-gnu-toolchain/bin/../lib/gcc/avr/5.4.0/avrxmega4\libgcc.a(_copy_data.o)
                0x000000f8                __do_copy_data
 .init4         0x00000112       0x10 c:/program files (x86)/atmel/studio/7.0/toolchain/avr8/avr8-gnu-toolchain/bin/../lib/gcc/avr/5.4.0/avrxmega4\libgcc.a(_clear_bss.o)
                0x00000112                __do_clear_bss
 *(.init4)
 *(.init5)
 *(.init5)
 *(.init6)
 *(.init6)
 *(.init7)
 *(.init7)
 *(.init8)
 *(.init8)
 *(.init9)
 .init9         0x00000122        0x8 C:/Program Files (x86)/Atmel/Studio/7.0/Packs/Atmel/AVR-Dx_DFP/1.0.18/gcc/dev/avr128da48/avrxmega4/crtavr128da48.o
 *(.init9)
 *(.text)
 .text          0x0000012a        0x4 C:/Program Files (x86)/Atmel/Studio/7.0/Packs/Atmel/AVR-Dx_DFP/1.0.18/gcc/dev/avr128da48/avrxmega4/crtavr128da48.o
                0x0000012a                __vector_38
                0x0000012a                __vector_22
                0x0000012a                __vector_28
                0x0000012a                __vector_1
                0x0000012a                __vector_32
                0x0000012a                __vector_34
                0x0000012a                __vector_24
                0x0000012a                __vector_12
                0x0000012a                __vector_55
                0x0000012a                __vector_46
                0x0000012a                __bad_interrupt
                0x0000012a                __vector_6
                0x0000012a                __vector_35
                0x0000012a                __vector_39
                0x0000012a                __vector_23
                0x0000012a                __vector_30
                0x0000012a                __vector_45
                0x0000012a                __vector_25
                0x0000012a                __vector_11
                0x0000012a                __vector_54
                0x0000012a                __vector_13
                0x0000012a                __vector_19
                0x0000012a                __vector_56
                0x0000012a                __vector_7
                0x0000012a                __vector_49
                0x0000012a                __vector_41
                0x0000012a                __vector_43
                0x0000012a                __vector_5
                0x0000012a                __vector_47
                0x0000012a                __vector_52
                0x0000012a                __vector_37
                0x0000012a                __vector_4
                0x0000012a                __vector_44
                0x0000012a                __vector_51
                0x0000012a                __vector_9
                0x0000012a                __vector_2
                0x0000012a                __vector_21
                0x0000012a                __vector_15
                0x0000012a                __vector_36
                0x0000012a                __vector_58
                0x0000012a                __vector_29
                0x0000012a                __vector_40
                0x0000012a                __vector_8
                0x0000012a                __vector_26
                0x0000012a                __vector_48
                0x0000012a                __vector_14
                0x0000012a                __vector_57
                0x0000012a                __vector_53
                0x0000012a                __vector_10
                0x0000012a                __vector_50
                0x0000012a                __vector_16
                0x0000012a                __vector_18
                0x0000012a                __vector_20
                0x0000012a                __vector_42
                0x0000012e                . = ALIGN (0x2)
 *(.text.*)
 .text.atmel_start_init
                0x0000012e        0x8 atmel_start.o
                0x0000012e                atmel_start_init
 .text.__vector_31
                0x00000136       0x50 driver_isr.o
                0x00000136                __vector_31
 .text.__vector_33
                0x00000186       0x50 driver_isr.o
                0x00000186                __vector_33
 .text.__vector_3
                0x000001d6       0x5a driver_isr.o
                0x000001d6                __vector_3
 .text.ClearDisplay
                0x00000230       0x4a LEDMatrix.o
                0x00000230                ClearDisplay
 .text.BlinkDisplay
                0x0000027a       0xb0 LEDMatrix.o
                0x0000027a                BlinkDisplay
 .text.UpdateDisplay
                0x0000032a       0x16 LEDMatrix.o
                0x0000032a                UpdateDisplay
 .text.LoadLedMatrix
                0x00000340      0x218 LEDMatrix.o
                0x00000340                LoadLedMatrix
 .text.startup.main
                0x00000558      0x128 main.o
                0x00000558                main
 .text.TimeSchedulerHandler
                0x00000680       0x20 main.o
                0x00000680                TimeSchedulerHandler
 .text.krono_tx_complete_callback
                0x000006a0        0x2 qtouch/datastreamer/kronocommuart.o
                0x000006a0                krono_tx_complete_callback
 .text.krono_rx_complete_callback
                0x000006a2        0x2 qtouch/datastreamer/kronocommuart.o
                0x000006a2                krono_rx_complete_callback
 .text.qtm_measure_complete_callback
                0x000006a4        0x8 qtouch/touch.o
 .text.touch_measure_wcomp_match
                0x000006ac       0x92 qtouch/touch.o
 .text.touch_init
                0x0000073e      0x204 qtouch/touch.o
                0x0000073e                touch_init
 .text.touch_process
                0x00000942      0x1c8 qtouch/touch.o
                0x00000942                touch_process
 .text.touch_timer_handler
                0x00000b0a       0x6a qtouch/touch.o
                0x00000b0a                touch_timer_handler
 .text.__vector_27
                0x00000b74       0x50 qtouch/touch.o
                0x00000b74                __vector_27
 .text.SnakeInit
                0x00000bc4      0x128 Snake.o
                0x00000bc4                SnakeInit
 .text.AdvanceSnake
                0x00000cec      0x210 Snake.o
                0x00000cec                AdvanceSnake
 .text.BOD_init
                0x00000efc        0x8 src/bod.o
                0x00000efc                BOD_init
 .text.CLKCTRL_init
                0x00000f04       0x10 src/clkctrl.o
                0x00000f04                CLKCTRL_init
 .text.CPUINT_init
                0x00000f14        0x6 src/cpuint.o
                0x00000f14                CPUINT_init
 .text.mcu_init
                0x00000f1a      0x232 src/driver_init.o
                0x00000f1a                mcu_init
 .text.system_init
                0x0000114c       0x82 src/driver_init.o
                0x0000114c                system_init
 .text.I2C_0_do_I2C_RESET
                0x000011ce       0x20 src/i2c_master.o
 .text.I2C_0_do_I2C_IDLE
                0x000011ee       0x10 src/i2c_master.o
 .text.I2C_0_do_I2C_SEND_STOP
                0x000011fe       0x1a src/i2c_master.o
 .text.I2C_0_do_I2C_SEND_ADR_READ
                0x00001218       0x18 src/i2c_master.o
 .text.I2C_0_do_I2C_SEND_ADR_WRITE
                0x00001230       0x16 src/i2c_master.o
 .text.I2C_0_do_I2C_RX_DO_ACK
                0x00001246        0xe src/i2c_master.o
 .text.I2C_0_do_I2C_TX_DO_ACK
                0x00001254        0xe src/i2c_master.o
 .text.I2C_0_do_I2C_DO_NACK_STOP
                0x00001262       0x20 src/i2c_master.o
 .text.I2C_0_do_I2C_DO_NACK_RESTART
                0x00001282        0xe src/i2c_master.o
 .text.I2C_0_do_I2C_BUS_ERROR
                0x00001290       0x22 src/i2c_master.o
 .text.I2C_0_return_stop
                0x000012b2        0x4 src/i2c_master.o
 .text.I2C_0_return_reset
                0x000012b6        0x4 src/i2c_master.o
 .text.I2C_0_do_I2C_DO_ADDRESS_NACK
                0x000012ba       0x78 src/i2c_master.o
 .text.I2C_0_do_I2C_TX
                0x00001332       0xb2 src/i2c_master.o
 .text.I2C_0_do_I2C_RX
                0x000013e4       0xe2 src/i2c_master.o
 .text.I2C_0_do_I2C_TX_EMPTY
                0x000014c6       0x9c src/i2c_master.o
 .text.I2C_0_do_I2C_BUS_COLLISION
                0x00001562       0x82 src/i2c_master.o
 .text.I2C_0_do_I2C_SEND_RESTART_WRITE
                0x000015e4       0x16 src/i2c_master.o
 .text.I2C_0_do_I2C_SEND_RESTART_READ
                0x000015fa       0x18 src/i2c_master.o
 .text.I2C_0_do_I2C_SEND_RESTART
                0x00001612       0x18 src/i2c_master.o
 .text.I2C_0_set_address_nack_callback
                0x0000162a       0x2c src/i2c_master.o
                0x0000162a                I2C_0_set_address_nack_callback
 .text.I2C_0_init
                0x00001656        0xe src/i2c_master.o
                0x00001656                I2C_0_init
 .text.I2C_0_open
                0x00001664       0xb0 src/i2c_master.o
                0x00001664                I2C_0_open
 .text.I2C_0_close
                0x00001714       0x4a src/i2c_master.o
                0x00001714                I2C_0_close
 .text.I2C_0_set_buffer
                0x0000175e       0x22 src/i2c_master.o
                0x0000175e                I2C_0_set_buffer
 .text.I2C_0_master_write
                0x00001780       0x80 src/i2c_master.o
                0x00001780                I2C_0_master_write
 .text.__vector_17
                0x00001800       0xaa src/i2c_master.o
                0x00001800                __vector_17
 .text.I2C_0_writeNBytes
                0x000018aa       0x68 src/i2c_simple_master.o
                0x000018aa                I2C_0_writeNBytes
 .text.i2c_cb_restart_write
                0x00001912        0x4 src/i2c_types.o
                0x00001912                i2c_cb_restart_write
 .text.protected_write_io
                0x00001916        0xa src/protected_io.o
                0x00001916                protected_write_io
 .text.Timer_init
                0x00001920       0x1e src/rtc.o
                0x00001920                Timer_init
 .text.SLPCTRL_init
                0x0000193e        0xa src/slpctrl.o
                0x0000193e                SLPCTRL_init
 .text.USART_init
                0x00001948       0x16 src/usart.o
                0x00001948                USART_init
 .text.check_for_aks_block
                0x0000195e       0xd2 ../qtouch/lib/gcc\libqtm_touch_key_avr_da_0x0002.a(avr_touch_key_g_avr_da.o)
 .text.qtm_update_qtlib_timer
                0x00001a30       0x16 ../qtouch/lib/gcc\libqtm_touch_key_avr_da_0x0002.a(avr_touch_key_g_avr_da.o)
                0x00001a30                qtm_update_qtlib_timer
 .text.qtm_init_sensor_key
                0x00001a46       0x3e ../qtouch/lib/gcc\libqtm_touch_key_avr_da_0x0002.a(avr_touch_key_g_avr_da.o)
                0x00001a46                qtm_init_sensor_key
 .text.qtm_key_sensors_process
                0x00001a84      0x74c ../qtouch/lib/gcc\libqtm_touch_key_avr_da_0x0002.a(avr_touch_key_g_avr_da.o)
                0x00001a84                qtm_key_sensors_process
 .text.getSwipeDirection
                0x000021d0       0x66 ../qtouch/lib/gcc\libqtm_surface_gestures_avr_da_0x0023.a(avr_surface_gestures_g_avr_da.o)
 .text.appendEvent
                0x00002236      0x318 ../qtouch/lib/gcc\libqtm_surface_gestures_avr_da_0x0023.a(avr_surface_gestures_g_avr_da.o)
 .text.Gestures_QueryStatus
                0x0000254e        0xe ../qtouch/lib/gcc\libqtm_surface_gestures_avr_da_0x0023.a(avr_surface_gestures_g_avr_da.o)
                0x0000254e                Gestures_QueryStatus
 .text.qtm_gestures_2d_clearGesture
                0x0000255c        0xa ../qtouch/lib/gcc\libqtm_surface_gestures_avr_da_0x0023.a(avr_surface_gestures_g_avr_da.o)
                0x0000255c                qtm_gestures_2d_clearGesture
 .text.qtm_init_gestures_2d
                0x00002566       0x2c ../qtouch/lib/gcc\libqtm_surface_gestures_avr_da_0x0023.a(avr_surface_gestures_g_avr_da.o)
                0x00002566                qtm_init_gestures_2d
 .text.qtm_update_gesture_2d_timer
                0x00002592       0x1a ../qtouch/lib/gcc\libqtm_surface_gestures_avr_da_0x0023.a(avr_surface_gestures_g_avr_da.o)
                0x00002592                qtm_update_gesture_2d_timer
 .text.qtm_gestures_2d_process
                0x000025ac      0x616 ../qtouch/lib/gcc\libqtm_surface_gestures_avr_da_0x0023.a(avr_surface_gestures_g_avr_da.o)
                0x000025ac                qtm_gestures_2d_process
 .text.divide   0x00002bc2       0x50 ../qtouch/lib/gcc\libqtm_surface_cs_avr_da_0x0021.a(avr_surface_cs_g_avr_da.o)
 .text.median_filter_update
                0x00002c12       0x64 ../qtouch/lib/gcc\libqtm_surface_cs_avr_da_0x0021.a(avr_surface_cs_g_avr_da.o)
 .text.get_key_delta
                0x00002c76       0x26 ../qtouch/lib/gcc\libqtm_surface_cs_avr_da_0x0021.a(avr_surface_cs_g_avr_da.o)
 .text.get_axis_contact_size
                0x00002c9c       0x9c ../qtouch/lib/gcc\libqtm_surface_cs_avr_da_0x0021.a(avr_surface_cs_g_avr_da.o)
 .text.get_interpolated_position.isra.0
                0x00002d38      0x1ee ../qtouch/lib/gcc\libqtm_surface_cs_avr_da_0x0021.a(avr_surface_cs_g_avr_da.o)
 .text.qtm_surface_cs_process
                0x00002f26      0x512 ../qtouch/lib/gcc\libqtm_surface_cs_avr_da_0x0021.a(avr_surface_cs_g_avr_da.o)
                0x00002f26                qtm_surface_cs_process
 .text.qtm_init_surface_cs
                0x00003438       0x2c ../qtouch/lib/gcc\libqtm_surface_cs_avr_da_0x0021.a(avr_surface_cs_g_avr_da.o)
                0x00003438                qtm_init_surface_cs
 .text.charge_share_test
                0x00003464       0x90 ../qtouch/lib/gcc\libqtm_acq_avr_da_0x0037.a(avr_acq_g_avr_da.o)
 .text.select_next_channel_to_measure
                0x000034f4       0x66 ../qtouch/lib/gcc\libqtm_acq_avr_da_0x0037.a(avr_acq_g_avr_da.o)
 .text.qtm_measure_node
                0x0000355a      0x214 ../qtouch/lib/gcc\libqtm_acq_avr_da_0x0037.a(avr_acq_g_avr_da.o)
 .text.qtm_acquisition_process
                0x0000376e      0x4b2 ../qtouch/lib/gcc\libqtm_acq_avr_da_0x0037.a(avr_acq_g_avr_da.o)
                0x0000376e                qtm_acquisition_process
 .text.qtm_ptc_init_acquisition_module
                0x00003c20      0x16e ../qtouch/lib/gcc\libqtm_acq_avr_da_0x0037.a(avr_acq_g_avr_da.o)
                0x00003c20                qtm_ptc_init_acquisition_module
 .text.qtm_ptc_qtlib_assign_signal_memory
                0x00003d8e       0x14 ../qtouch/lib/gcc\libqtm_acq_avr_da_0x0037.a(avr_acq_g_avr_da.o)
                0x00003d8e                qtm_ptc_qtlib_assign_signal_memory
 .text.qtm_ptc_start_measurement_seq
                0x00003da2       0xe0 ../qtouch/lib/gcc\libqtm_acq_avr_da_0x0037.a(avr_acq_g_avr_da.o)
                0x00003da2                qtm_ptc_start_measurement_seq
 .text.qtm_enable_sensor_node
                0x00003e82       0x3e ../qtouch/lib/gcc\libqtm_acq_avr_da_0x0037.a(avr_acq_g_avr_da.o)
                0x00003e82                qtm_enable_sensor_node
 .text.qtm_calibrate_sensor_node
                0x00003ec0       0x82 ../qtouch/lib/gcc\libqtm_acq_avr_da_0x0037.a(avr_acq_g_avr_da.o)
                0x00003ec0                qtm_calibrate_sensor_node
 .text.qtm_autoscan_sensor_node
                0x00003f42      0x110 ../qtouch/lib/gcc\libqtm_acq_avr_da_0x0037.a(avr_acq_g_avr_da.o)
                0x00003f42                qtm_autoscan_sensor_node
 .text.qtm_autoscan_node_cancel
                0x00004052       0x1e ../qtouch/lib/gcc\libqtm_acq_avr_da_0x0037.a(avr_acq_g_avr_da.o)
                0x00004052                qtm_autoscan_node_cancel
 .text.qtm_avr_da_ptc_handler_wcomp
                0x00004070       0x8c ../qtouch/lib/gcc\libqtm_acq_avr_da_0x0037.a(avr_acq_g_avr_da.o)
                0x00004070                qtm_avr_da_ptc_handler_wcomp
 .text.qtm_avr_da_ptc_handler_eoc
                0x000040fc       0xae ../qtouch/lib/gcc\libqtm_acq_avr_da_0x0037.a(avr_acq_g_avr_da.o)
                0x000040fc                qtm_avr_da_ptc_handler_eoc
 .text.libgcc.div
                0x000041aa       0x2e c:/program files (x86)/atmel/studio/7.0/toolchain/avr8/avr8-gnu-toolchain/bin/../lib/gcc/avr/5.4.0/avrxmega4\libgcc.a(_divmodsi4.o)
                0x000041aa                __divmodsi4
 .text.libgcc.div
                0x000041d8       0x10 c:/program files (x86)/atmel/studio/7.0/toolchain/avr8/avr8-gnu-toolchain/bin/../lib/gcc/avr/5.4.0/avrxmega4\libgcc.a(_negsi2.o)
                0x000041d8                __negsi2
 .text.libgcc.mul
                0x000041e8       0x1e c:/program files (x86)/atmel/studio/7.0/toolchain/avr8/avr8-gnu-toolchain/bin/../lib/gcc/avr/5.4.0/avrxmega4\libgcc.a(_umulhisi3.o)
                0x000041e8                __umulhisi3
 .text.libgcc.mul
                0x00004206       0x16 c:/program files (x86)/atmel/studio/7.0/toolchain/avr8/avr8-gnu-toolchain/bin/../lib/gcc/avr/5.4.0/avrxmega4\libgcc.a(_muluhisi3.o)
                0x00004206                __muluhisi3
 .text.libgcc.builtins
                0x0000421c       0x3c c:/program files (x86)/atmel/studio/7.0/toolchain/avr8/avr8-gnu-toolchain/bin/../lib/gcc/avr/5.4.0/avrxmega4\libgcc.a(_ashrdi3.o)
                0x0000421c                __ashrdi3
                0x00004220                __lshrdi3
 .text.libgcc   0x00004258       0x18 c:/program files (x86)/atmel/studio/7.0/toolchain/avr8/avr8-gnu-toolchain/bin/../lib/gcc/avr/5.4.0/avrxmega4\libgcc.a(_cmpdi2_s8.o)
                0x00004258                __cmpdi2_s8
 .text.libgcc.div
                0x00004270       0x44 c:/program files (x86)/atmel/studio/7.0/toolchain/avr8/avr8-gnu-toolchain/bin/../lib/gcc/avr/5.4.0/avrxmega4\libgcc.a(_udivmodsi4.o)
                0x00004270                __udivmodsi4
 .text.avr-libc
                0x000042b4      0x144 c:/program files (x86)/atmel/studio/7.0/toolchain/avr8/avr8-gnu-toolchain/bin/../lib/gcc/avr/5.4.0/../../../../avr/lib/avrxmega4\libc.a(random.o)
                0x000042b4                random_r
                0x0000434a                random
                0x000043e6                srandom
 .text.libgcc.mul
                0x000043f8       0x10 c:/program files (x86)/atmel/studio/7.0/toolchain/avr8/avr8-gnu-toolchain/bin/../lib/gcc/avr/5.4.0/avrxmega4\libgcc.a(_mulshisi3.o)
                0x000043f8                __mulshisi3
                0x000043fe                __mulohisi3
                0x00004408                . = ALIGN (0x2)
 *(.fini9)
 .fini9         0x00004408        0x0 c:/program files (x86)/atmel/studio/7.0/toolchain/avr8/avr8-gnu-toolchain/bin/../lib/gcc/avr/5.4.0/avrxmega4\libgcc.a(_exit.o)
                0x00004408                _exit
                0x00004408                exit
 *(.fini9)
 *(.fini8)
 *(.fini8)
 *(.fini7)
 *(.fini7)
 *(.fini6)
 *(.fini6)
 *(.fini5)
 *(.fini5)
 *(.fini4)
 *(.fini4)
 *(.fini3)
 *(.fini3)
 *(.fini2)
 *(.fini2)
 *(.fini1)
 *(.fini1)
 *(.fini0)
 .fini0         0x00004408        0x4 c:/program files (x86)/atmel/studio/7.0/toolchain/avr8/avr8-gnu-toolchain/bin/../lib/gcc/avr/5.4.0/avrxmega4\libgcc.a(_exit.o)
 *(.fini0)
                0x0000440c                _etext = .

.data           0x00804000      0x31e load address 0x0000440c
                0x00804000                PROVIDE (__data_start, .)
 *(.data)
 .data          0x00804000        0x4 c:/program files (x86)/atmel/studio/7.0/toolchain/avr8/avr8-gnu-toolchain/bin/../lib/gcc/avr/5.4.0/../../../../avr/lib/avrxmega4\libc.a(random.o)
 *(.data*)
 .data.I2CArray
                0x00804004       0x12 main.o
                0x00804004                I2CArray
 .data.qtm_gestures_2d_control1
                0x00804016        0x4 qtouch/touch.o
                0x00804016                qtm_gestures_2d_control1
 .data.qtm_gestures_2d_config
                0x0080401a       0x1a qtouch/touch.o
                0x0080401a                qtm_gestures_2d_config
 .data.qtm_surface_cs_control1
                0x00804034        0x4 qtouch/touch.o
                0x00804034                qtm_surface_cs_control1
 .data.qtm_surface_cs_config1
                0x00804038        0xd qtouch/touch.o
                0x00804038                qtm_surface_cs_config1
 .data.qtlib_key_set1
                0x00804045        0x8 qtouch/touch.o
                0x00804045                qtlib_key_set1
 .data.qtlib_key_configs_set1
                0x0080404d       0x1b qtouch/touch.o
                0x0080404d                qtlib_key_configs_set1
 .data.qtlib_key_grp_config_set1
                0x00804068        0xa qtouch/touch.o
                0x00804068                qtlib_key_grp_config_set1
 .data.auto_scan_setup
                0x00804072        0x6 qtouch/touch.o
                0x00804072                auto_scan_setup
 .data.qtlib_acq_set1
                0x00804078        0x6 qtouch/touch.o
                0x00804078                qtlib_acq_set1
 .data.ptc_seq_node_cfg1
                0x0080407e       0xb4 qtouch/touch.o
                0x0080407e                ptc_seq_node_cfg1
 .data.ptc_qtlib_acq_gen1
                0x00804132        0x5 qtouch/touch.o
                0x00804132                ptc_qtlib_acq_gen1
 .data.I2C_0_fsmStateTable
                0x00804137       0x24 src/i2c_master.o
                0x00804137                I2C_0_fsmStateTable
 .data.lastEventDir.1954
                0x0080415b        0x1 ../qtouch/lib/gcc\libqtm_surface_gestures_avr_da_0x0023.a(avr_surface_gestures_g_avr_da.o)
 .data.first_time.1959
                0x0080415c        0x1 ../qtouch/lib/gcc\libqtm_surface_gestures_avr_da_0x0023.a(avr_surface_gestures_g_avr_da.o)
 .data.qtm_which_mode_current
                0x0080415d        0x1 ../qtouch/lib/gcc\libqtm_acq_avr_da_0x0037.a(avr_acq_g_avr_da.o)
                0x0080415d                qtm_which_mode_current
 *(.gnu.linkonce.d*)
 *(.rodata)
 .rodata        0x0080415e       0x24 LEDMatrix.o
 *(.rodata*)
 .rodata.Empty  0x00804182       0x64 Snake.o
 .rodata.GESTURE_EVENTS
                0x008041e6       0xdc ../qtouch/lib/gcc\libqtm_surface_gestures_avr_da_0x0023.a(avr_surface_gestures_g_avr_da.o)
                0x008041e6                GESTURE_EVENTS
 .rodata.stateTable
                0x008042c2       0x10 ../qtouch/lib/gcc\libqtm_surface_gestures_avr_da_0x0023.a(avr_surface_gestures_g_avr_da.o)
                0x008042c2                stateTable
 .rodata.multipliers_tau_calc
                0x008042d2        0x8 ../qtouch/lib/gcc\libqtm_acq_avr_da_0x0037.a(avr_acq_g_avr_da.o)
 .rodata.gain_setting_int_cap
                0x008042da        0x5 ../qtouch/lib/gcc\libqtm_acq_avr_da_0x0037.a(avr_acq_g_avr_da.o)
 .rodata.port_array
                0x008042df        0xe ../qtouch/lib/gcc\libqtm_acq_avr_da_0x0037.a(avr_acq_g_avr_da.o)
 .rodata.PTC_XY_PINS
                0x008042ed       0x30 ../qtouch/lib/gcc\libqtm_acq_avr_da_0x0037.a(avr_acq_g_avr_da.o)
 *(.gnu.linkonce.r*)
                0x0080431e                . = ALIGN (0x2)
 *fill*         0x0080431d        0x1 
                0x0080431e                _edata = .
                0x0080431e                PROVIDE (__data_end, .)

.bss            0x0080431e      0x1a1
                0x0080431e                PROVIDE (__bss_start, .)
 *(.bss)
 *(.bss*)
 .bss.Col.5726  0x0080431e        0x1 LEDMatrix.o
 .bss.LEDMatrix
                0x0080431f       0x31 LEDMatrix.o
                0x0080431f                LEDMatrix
 .bss.Snake     0x00804350       0x64 main.o
                0x00804350                Snake
 .bss.measurement_period_store
                0x008043b4        0x2 qtouch/touch.o
                0x008043b4                measurement_period_store
 .bss.time_since_touch
                0x008043b6        0x2 qtouch/touch.o
                0x008043b6                time_since_touch
 .bss.module_error_code
                0x008043b8        0x1 qtouch/touch.o
                0x008043b8                module_error_code
 .bss.measurement_done_touch
                0x008043b9        0x1 qtouch/touch.o
                0x008043b9                measurement_done_touch
 .bss.touch_postprocess_request
                0x008043ba        0x1 qtouch/touch.o
                0x008043ba                touch_postprocess_request
 .bss.time_to_measure_touch_flag
                0x008043bb        0x1 qtouch/touch.o
                0x008043bb                time_to_measure_touch_flag
 .bss.Food      0x008043bc        0x2 Snake.o
                0x008043bc                Food
 .bss.I2C_0_status
                0x008043be       0x24 src/i2c_master.o
                0x008043be                I2C_0_status
 .bss.qtm_local_ms_timecount
                0x008043e2        0x2 ../qtouch/lib/gcc\libqtm_touch_key_avr_da_0x0002.a(avr_touch_key_g_avr_da.o)
                0x008043e2                qtm_local_ms_timecount
 .bss.wheelOutputCounter.1958
                0x008043e4        0x1 ../qtouch/lib/gcc\libqtm_surface_gestures_avr_da_0x0023.a(avr_surface_gestures_g_avr_da.o)
 .bss.wheelCount.1957
                0x008043e5        0x1 ../qtouch/lib/gcc\libqtm_surface_gestures_avr_da_0x0023.a(avr_surface_gestures_g_avr_da.o)
 .bss.wheelStart.1955
                0x008043e6        0x1 ../qtouch/lib/gcc\libqtm_surface_gestures_avr_da_0x0023.a(avr_surface_gestures_g_avr_da.o)
 .bss.quadrant_count.1953
                0x008043e7        0x1 ../qtouch/lib/gcc\libqtm_surface_gestures_avr_da_0x0023.a(avr_surface_gestures_g_avr_da.o)
 .bss.wheelDir.1956
                0x008043e8        0x1 ../qtouch/lib/gcc\libqtm_surface_gestures_avr_da_0x0023.a(avr_surface_gestures_g_avr_da.o)
 .bss.previousFingerDistance.1907
                0x008043e9        0x2 ../qtouch/lib/gcc\libqtm_surface_gestures_avr_da_0x0023.a(avr_surface_gestures_g_avr_da.o)
 .bss.increment.1908
                0x008043eb        0x1 ../qtouch/lib/gcc\libqtm_surface_gestures_avr_da_0x0023.a(avr_surface_gestures_g_avr_da.o)
 .bss.last_contact_status.1901
                0x008043ec        0x2 ../qtouch/lib/gcc\libqtm_surface_gestures_avr_da_0x0023.a(avr_surface_gestures_g_avr_da.o)
 .bss.tapThreshExceeded.1917
                0x008043ee        0x1 ../qtouch/lib/gcc\libqtm_surface_gestures_avr_da_0x0023.a(avr_surface_gestures_g_avr_da.o)
 .bss.swipeCounter.1916
                0x008043ef        0x1 ../qtouch/lib/gcc\libqtm_surface_gestures_avr_da_0x0023.a(avr_surface_gestures_g_avr_da.o)
 .bss.lastEvent.1915
                0x008043f0        0x1 ../qtouch/lib/gcc\libqtm_surface_gestures_avr_da_0x0023.a(avr_surface_gestures_g_avr_da.o)
 .bss.y_position.1919
                0x008043f1        0x2 ../qtouch/lib/gcc\libqtm_surface_gestures_avr_da_0x0023.a(avr_surface_gestures_g_avr_da.o)
 .bss.x_position.1918
                0x008043f3        0x2 ../qtouch/lib/gcc\libqtm_surface_gestures_avr_da_0x0023.a(avr_surface_gestures_g_avr_da.o)
 .bss.dualFingerGesture
                0x008043f5        0x1 ../qtouch/lib/gcc\libqtm_surface_gestures_avr_da_0x0023.a(avr_surface_gestures_g_avr_da.o)
 .bss.timeouttrack
                0x008043f6        0x1 ../qtouch/lib/gcc\libqtm_surface_gestures_avr_da_0x0023.a(avr_surface_gestures_g_avr_da.o)
 .bss.distanceTrackingStatus
                0x008043f7        0x1 ../qtouch/lib/gcc\libqtm_surface_gestures_avr_da_0x0023.a(avr_surface_gestures_g_avr_da.o)
 .bss.diag      0x008043f8        0x1 ../qtouch/lib/gcc\libqtm_surface_gestures_avr_da_0x0023.a(avr_surface_gestures_g_avr_da.o)
 .bss.value     0x008043f9        0x1 ../qtouch/lib/gcc\libqtm_surface_gestures_avr_da_0x0023.a(avr_surface_gestures_g_avr_da.o)
 .bss.status    0x008043fa        0x1 ../qtouch/lib/gcc\libqtm_surface_gestures_avr_da_0x0023.a(avr_surface_gestures_g_avr_da.o)
 .bss.currentGesture
                0x008043fb        0xb ../qtouch/lib/gcc\libqtm_surface_gestures_avr_da_0x0023.a(avr_surface_gestures_g_avr_da.o)
 .bss.eventQueue
                0x00804406        0x4 ../qtouch/lib/gcc\libqtm_surface_gestures_avr_da_0x0023.a(avr_surface_gestures_g_avr_da.o)
 .bss.eventCounter
                0x0080440a        0x1 ../qtouch/lib/gcc\libqtm_surface_gestures_avr_da_0x0023.a(avr_surface_gestures_g_avr_da.o)
 .bss.tapCount  0x0080440b        0x1 ../qtouch/lib/gcc\libqtm_surface_gestures_avr_da_0x0023.a(avr_surface_gestures_g_avr_da.o)
 .bss.touchUp   0x0080440c        0x4 ../qtouch/lib/gcc\libqtm_surface_gestures_avr_da_0x0023.a(avr_surface_gestures_g_avr_da.o)
 .bss.touchStream
                0x00804410        0x4 ../qtouch/lib/gcc\libqtm_surface_gestures_avr_da_0x0023.a(avr_surface_gestures_g_avr_da.o)
 .bss.touchDown
                0x00804414        0x4 ../qtouch/lib/gcc\libqtm_surface_gestures_avr_da_0x0023.a(avr_surface_gestures_g_avr_da.o)
 .bss.new_contact_detected
                0x00804418        0x1 ../qtouch/lib/gcc\libqtm_surface_cs_avr_da_0x0021.a(avr_surface_cs_g_avr_da.o)
 .bss.median_filter_data_buffer
                0x00804419        0xc ../qtouch/lib/gcc\libqtm_surface_cs_avr_da_0x0021.a(avr_surface_cs_g_avr_da.o)
                0x00804419                median_filter_data_buffer
 .bss.ptc_wcomp_happened_pointer
                0x00804425        0x2 ../qtouch/lib/gcc\libqtm_acq_avr_da_0x0037.a(avr_acq_g_avr_da.o)
 .bss.ptc_seq_measure_complete_pointer
                0x00804427        0x2 ../qtouch/lib/gcc\libqtm_acq_avr_da_0x0037.a(avr_acq_g_avr_da.o)
 .bss.touch_seq_lib_state
                0x00804429        0x1 ../qtouch/lib/gcc\libqtm_acq_avr_da_0x0037.a(avr_acq_g_avr_da.o)
 .bss.current_measure_channel
                0x0080442a        0x2 ../qtouch/lib/gcc\libqtm_acq_avr_da_0x0037.a(avr_acq_g_avr_da.o)
 *(COMMON)
 COMMON         0x0080442c        0x2 main.o
                0x0080442c                TimCount
                0x0080442d                Flags
 COMMON         0x0080442e       0x89 qtouch/touch.o
                0x0080442e                qtm_surface_cs_data1
                0x00804439                qtlib_key_grp_data_set1
                0x0080443f                ptc_qtlib_node_stat1
                0x0080446c                touch_acq_signals_raw
                0x0080447e                qtm_gestures_2d_data
                0x00804481                qtlib_key_data_set1
 COMMON         0x008044b7        0x4 ../qtouch/lib/gcc\libqtm_surface_gestures_avr_da_0x0023.a(avr_surface_gestures_g_avr_da.o)
                0x008044b7                timer
                0x008044b9                cfgRam
 COMMON         0x008044bb        0x4 ../qtouch/lib/gcc\libqtm_acq_avr_da_0x0037.a(avr_acq_g_avr_da.o)
                0x008044bb                qtm_acquisition_control_working_set_ptr
                0x008044bd                qtm_raw_data_measurements_ptr
                0x008044bf                PROVIDE (__bss_end, .)
                0x0000440c                __data_load_start = LOADADDR (.data)
                0x0000472a                __data_load_end = (__data_load_start + SIZEOF (.data))

.noinit         0x008044bf        0x0
                [!provide]                PROVIDE (__noinit_start, .)
 *(.noinit*)
                [!provide]                PROVIDE (__noinit_end, .)
                0x008044bf                _end = .
                [!provide]                PROVIDE (__heap_start, .)

.eeprom         0x00810000        0x0
 *(.eeprom*)
                0x00810000                __eeprom_end = .

.fuse
 *(.fuse)
 *(.lfuse)
 *(.hfuse)
 *(.efuse)

.lock
 *(.lock*)

.signature
 *(.signature*)

.user_signatures
 *(.user_signatures*)

.stab
 *(.stab)

.stabstr
 *(.stabstr)

.stab.excl
 *(.stab.excl)

.stab.exclstr
 *(.stab.exclstr)

.stab.index
 *(.stab.index)

.stab.indexstr
 *(.stab.indexstr)

.comment        0x00000000       0x60
 *(.comment)
 .comment       0x00000000       0x30 atmel_start.o
                                 0x31 (size before relaxing)
 .comment       0x00000030       0x31 driver_isr.o
 .comment       0x00000030       0x31 LEDMatrix.o
 .comment       0x00000030       0x31 main.o
 .comment       0x00000030       0x31 qtouch/datastreamer/kronocommuart.o
 .comment       0x00000030       0x31 qtouch/touch.o
 .comment       0x00000030       0x31 Snake.o
 .comment       0x00000030       0x31 src/bod.o
 .comment       0x00000030       0x31 src/clkctrl.o
 .comment       0x00000030       0x31 src/cpuint.o
 .comment       0x00000030       0x31 src/driver_init.o
 .comment       0x00000030       0x31 src/i2c_master.o
 .comment       0x00000030       0x31 src/i2c_simple_master.o
 .comment       0x00000030       0x31 src/i2c_types.o
 .comment       0x00000030       0x31 src/rtc.o
 .comment       0x00000030       0x31 src/slpctrl.o
 .comment       0x00000030       0x31 src/usart.o
 .comment       0x00000030       0x30 ../qtouch/lib/gcc\libqtm_touch_key_avr_da_0x0002.a(avr_touch_key_g_avr_da.o)
                                 0x31 (size before relaxing)
 .comment       0x00000060       0x31 ../qtouch/lib/gcc\libqtm_surface_gestures_avr_da_0x0023.a(avr_surface_gestures_g_avr_da.o)
 .comment       0x00000060       0x31 ../qtouch/lib/gcc\libqtm_surface_cs_avr_da_0x0021.a(avr_surface_cs_g_avr_da.o)
 .comment       0x00000060       0x31 ../qtouch/lib/gcc\libqtm_acq_avr_da_0x0037.a(avr_acq_g_avr_da.o)
 .comment       0x00000060       0x31 c:/program files (x86)/atmel/studio/7.0/toolchain/avr8/avr8-gnu-toolchain/bin/../lib/gcc/avr/5.4.0/../../../../avr/lib/avrxmega4\libc.a(random.o)

.note.gnu.avr.deviceinfo
                0x00000000       0x40
 .note.gnu.avr.deviceinfo
                0x00000000       0x40 C:/Program Files (x86)/Atmel/Studio/7.0/Packs/Atmel/AVR-Dx_DFP/1.0.18/gcc/dev/avr128da48/avrxmega4/crtavr128da48.o

.note.gnu.build-id
 *(.note.gnu.build-id)

.debug
 *(.debug)

.line
 *(.line)

.debug_srcinfo
 *(.debug_srcinfo)

.debug_sfnames
 *(.debug_sfnames)

.debug_aranges  0x00000000      0x490
 *(.debug_aranges)
 .debug_aranges
                0x00000000       0x20 atmel_start.o
 .debug_aranges
                0x00000020       0x30 driver_isr.o
 .debug_aranges
                0x00000050       0x40 LEDMatrix.o
 .debug_aranges
                0x00000090       0x28 main.o
 .debug_aranges
                0x000000b8       0x20 qtouch/datastreamer/kronocommuart.o
 .debug_aranges
                0x000000d8       0x98 qtouch/touch.o
 .debug_aranges
                0x00000170       0x30 Snake.o
 .debug_aranges
                0x000001a0       0x20 src/bod.o
 .debug_aranges
                0x000001c0       0x20 src/clkctrl.o
 .debug_aranges
                0x000001e0       0x20 src/cpuint.o
 .debug_aranges
                0x00000200       0x38 src/driver_init.o
 .debug_aranges
                0x00000238      0x120 src/i2c_master.o
 .debug_aranges
                0x00000358       0x78 src/i2c_simple_master.o
 .debug_aranges
                0x000003d0       0x38 src/i2c_types.o
 .debug_aranges
                0x00000408       0x20 src/protected_io.o
 .debug_aranges
                0x00000428       0x20 src/rtc.o
 .debug_aranges
                0x00000448       0x28 src/slpctrl.o
 .debug_aranges
                0x00000470       0x20 src/usart.o

.debug_pubnames
 *(.debug_pubnames)

.debug_info     0x00000000     0xa3a0
 *(.debug_info .gnu.linkonce.wi.*)
 .debug_info    0x00000000     0x2e84 C:/Program Files (x86)/Atmel/Studio/7.0/Packs/Atmel/AVR-Dx_DFP/1.0.18/gcc/dev/avr128da48/avrxmega4/crtavr128da48.o
 .debug_info    0x00002e84       0xb8 atmel_start.o
 .debug_info    0x00002f3c      0x3b2 driver_isr.o
 .debug_info    0x000032ee      0x771 LEDMatrix.o
 .debug_info    0x00003a5f      0x52a main.o
 .debug_info    0x00003f89       0x8d qtouch/datastreamer/kronocommuart.o
 .debug_info    0x00004016     0x283a qtouch/touch.o
 .debug_info    0x00006850      0x4aa Snake.o
 .debug_info    0x00006cfa      0x188 src/bod.o
 .debug_info    0x00006e82      0x2ce src/clkctrl.o
 .debug_info    0x00007150       0x8d src/cpuint.o
 .debug_info    0x000071dd     0x10d9 src/driver_init.o
 .debug_info    0x000082b6      0xe7f src/i2c_master.o
 .debug_info    0x00009135      0x973 src/i2c_simple_master.o
 .debug_info    0x00009aa8      0x146 src/i2c_types.o
 .debug_info    0x00009bee       0x96 src/protected_io.o
 .debug_info    0x00009c84      0x389 src/rtc.o
 .debug_info    0x0000a00d      0x136 src/slpctrl.o
 .debug_info    0x0000a143      0x25d src/usart.o

.debug_abbrev   0x00000000     0x43b6
 *(.debug_abbrev)
 .debug_abbrev  0x00000000     0x2c0e C:/Program Files (x86)/Atmel/Studio/7.0/Packs/Atmel/AVR-Dx_DFP/1.0.18/gcc/dev/avr128da48/avrxmega4/crtavr128da48.o
 .debug_abbrev  0x00002c0e       0x71 atmel_start.o
 .debug_abbrev  0x00002c7f      0x103 driver_isr.o
 .debug_abbrev  0x00002d82      0x270 LEDMatrix.o
 .debug_abbrev  0x00002ff2      0x183 main.o
 .debug_abbrev  0x00003175       0x4d qtouch/datastreamer/kronocommuart.o
 .debug_abbrev  0x000031c2      0x3c9 qtouch/touch.o
 .debug_abbrev  0x0000358b      0x1eb Snake.o
 .debug_abbrev  0x00003776       0xaf src/bod.o
 .debug_abbrev  0x00003825      0x117 src/clkctrl.o
 .debug_abbrev  0x0000393c       0x51 src/cpuint.o
 .debug_abbrev  0x0000398d      0x1bc src/driver_init.o
 .debug_abbrev  0x00003b49      0x3cf src/i2c_master.o
 .debug_abbrev  0x00003f18      0x15d src/i2c_simple_master.o
 .debug_abbrev  0x00004075       0x9d src/i2c_types.o
 .debug_abbrev  0x00004112       0x14 src/protected_io.o
 .debug_abbrev  0x00004126       0xe6 src/rtc.o
 .debug_abbrev  0x0000420c       0xc4 src/slpctrl.o
 .debug_abbrev  0x000042d0       0xe6 src/usart.o

.debug_line     0x00000000     0x2cb2
 *(.debug_line .debug_line.* .debug_line_end)
 .debug_line    0x00000000      0x1f9 C:/Program Files (x86)/Atmel/Studio/7.0/Packs/Atmel/AVR-Dx_DFP/1.0.18/gcc/dev/avr128da48/avrxmega4/crtavr128da48.o
 .debug_line    0x000001f9       0x8b atmel_start.o
 .debug_line    0x00000284      0x155 driver_isr.o
 .debug_line    0x000003d9      0x36f LEDMatrix.o
 .debug_line    0x00000748      0x255 main.o
 .debug_line    0x0000099d       0x55 qtouch/datastreamer/kronocommuart.o
 .debug_line    0x000009f2      0x6d0 qtouch/touch.o
 .debug_line    0x000010c2      0x359 Snake.o
 .debug_line    0x0000141b      0x10c src/bod.o
 .debug_line    0x00001527      0x13a src/clkctrl.o
 .debug_line    0x00001661       0xab src/cpuint.o
 .debug_line    0x0000170c      0x31d src/driver_init.o
 .debug_line    0x00001a29      0x96e src/i2c_master.o
 .debug_line    0x00002397      0x4bc src/i2c_simple_master.o
 .debug_line    0x00002853       0xa2 src/i2c_types.o
 .debug_line    0x000028f5       0x5b src/protected_io.o
 .debug_line    0x00002950      0x122 src/rtc.o
 .debug_line    0x00002a72      0x126 src/slpctrl.o
 .debug_line    0x00002b98      0x11a src/usart.o

.debug_frame    0x00000000      0xa84
 *(.debug_frame)
 .debug_frame   0x00000000       0x24 atmel_start.o
 .debug_frame   0x00000024      0x11c driver_isr.o
 .debug_frame   0x00000140       0x9c LEDMatrix.o
 .debug_frame   0x000001dc       0x34 main.o
 .debug_frame   0x00000210       0x34 qtouch/datastreamer/kronocommuart.o
 .debug_frame   0x00000244      0x180 qtouch/touch.o
 .debug_frame   0x000003c4       0xe0 Snake.o
 .debug_frame   0x000004a4       0x24 src/bod.o
 .debug_frame   0x000004c8       0x24 src/clkctrl.o
 .debug_frame   0x000004ec       0x24 src/cpuint.o
 .debug_frame   0x00000510       0x54 src/driver_init.o
 .debug_frame   0x00000564      0x29c src/i2c_master.o
 .debug_frame   0x00000800      0x1b4 src/i2c_simple_master.o
 .debug_frame   0x000009b4       0x54 src/i2c_types.o
 .debug_frame   0x00000a08       0x24 src/rtc.o
 .debug_frame   0x00000a2c       0x34 src/slpctrl.o
 .debug_frame   0x00000a60       0x24 src/usart.o

.debug_str      0x00000000     0x5527
 *(.debug_str)
 .debug_str     0x00000000     0x1434 C:/Program Files (x86)/Atmel/Studio/7.0/Packs/Atmel/AVR-Dx_DFP/1.0.18/gcc/dev/avr128da48/avrxmega4/crtavr128da48.o
 .debug_str     0x00001434      0x181 atmel_start.o
                                0x1ba (size before relaxing)
 .debug_str     0x000015b5      0x155 driver_isr.o
                                0x2fa (size before relaxing)
 .debug_str     0x0000170a      0x119 LEDMatrix.o
                                0x2bc (size before relaxing)
 .debug_str     0x00001823      0x2f6 main.o
                                0x527 (size before relaxing)
 .debug_str     0x00001b19       0x27 qtouch/datastreamer/kronocommuart.o
                                0x1c1 (size before relaxing)
 .debug_str     0x00001b40     0x29b2 qtouch/touch.o
                               0x2f3f (size before relaxing)
 .debug_str     0x000044f2       0x30 Snake.o
                                0x29c (size before relaxing)
 .debug_str     0x00004522       0x7e src/bod.o
                                0x24d (size before relaxing)
 .debug_str     0x000045a0      0x1c5 src/clkctrl.o
                                0x38d (size before relaxing)
 .debug_str     0x00004765       0x1c src/cpuint.o
                                0x19d (size before relaxing)
 .debug_str     0x00004781      0x27d src/driver_init.o
                                0x600 (size before relaxing)
 .debug_str     0x000049fe      0x72b src/i2c_master.o
                                0x9f3 (size before relaxing)
 .debug_str     0x00005129      0x143 src/i2c_simple_master.o
                                0x415 (size before relaxing)
 .debug_str     0x0000526c       0x63 src/i2c_types.o
                                0x22d (size before relaxing)
 .debug_str     0x000052cf       0x71 src/rtc.o
                                0x474 (size before relaxing)
 .debug_str     0x00005340       0xb9 src/slpctrl.o
                                0x261 (size before relaxing)
 .debug_str     0x000053f9      0x12e src/usart.o
                                0x30f (size before relaxing)

.debug_loc      0x00000000     0x2d8c
 *(.debug_loc)
 .debug_loc     0x00000000      0x261 driver_isr.o
 .debug_loc     0x00000261      0x4a9 LEDMatrix.o
 .debug_loc     0x0000070a      0x9ad qtouch/touch.o
 .debug_loc     0x000010b7      0x3a0 Snake.o
 .debug_loc     0x00001457       0x2a src/clkctrl.o
 .debug_loc     0x00001481      0x898 src/driver_init.o
 .debug_loc     0x00001d19      0x65e src/i2c_master.o
 .debug_loc     0x00002377      0x95c src/i2c_simple_master.o
 .debug_loc     0x00002cd3       0x98 src/i2c_types.o
 .debug_loc     0x00002d6b       0x21 src/slpctrl.o

.debug_macinfo
 *(.debug_macinfo)

.debug_weaknames
 *(.debug_weaknames)

.debug_funcnames
 *(.debug_funcnames)

.debug_typenames
 *(.debug_typenames)

.debug_varnames
 *(.debug_varnames)

.debug_pubtypes
 *(.debug_pubtypes)

.debug_ranges   0x00000000      0x430
 *(.debug_ranges)
 .debug_ranges  0x00000000       0x10 atmel_start.o
 .debug_ranges  0x00000010       0x20 driver_isr.o
 .debug_ranges  0x00000030       0x30 LEDMatrix.o
 .debug_ranges  0x00000060       0x40 main.o
 .debug_ranges  0x000000a0       0x10 qtouch/datastreamer/kronocommuart.o
 .debug_ranges  0x000000b0       0xb8 qtouch/touch.o
 .debug_ranges  0x00000168       0x20 Snake.o
 .debug_ranges  0x00000188       0x10 src/bod.o
 .debug_ranges  0x00000198       0x10 src/clkctrl.o
 .debug_ranges  0x000001a8       0x10 src/cpuint.o
 .debug_ranges  0x000001b8       0x28 src/driver_init.o
 .debug_ranges  0x000001e0      0x188 src/i2c_master.o
 .debug_ranges  0x00000368       0x68 src/i2c_simple_master.o
 .debug_ranges  0x000003d0       0x28 src/i2c_types.o
 .debug_ranges  0x000003f8       0x10 src/rtc.o
 .debug_ranges  0x00000408       0x18 src/slpctrl.o
 .debug_ranges  0x00000420       0x10 src/usart.o

.debug_macro
 *(.debug_macro)
OUTPUT(SnakeDemoAVRDA_QT2.elf elf32-avr)
LOAD linker stubs
